<html>
<body>
<pre>
<h1>µVision Build Log</h1>
<h2>Tool Versions:</h2>
IDE-Version: ¦ÌVision V5.35.0.0
Copyright (C) 2021 ARM Ltd and ARM Germany GmbH. All rights reserved.
License Information: 1 G13227672531@outlook.com, 1, LIC=D0D7S-LV0BV-630MB-29SYK-YLS2E-1KCHK
 
Tool Versions:
Toolchain:       MDK-ARM Plus  Version: 5.35.0.2
Toolchain Path:  C:\Keil_v5\ARM\ARMCC\Bin
C Compiler:      Armcc.exe V5.06 update 7 (build 960)
Assembler:       Armasm.exe V5.06 update 7 (build 960)
Linker/Locator:  ArmLink.exe V5.06 update 7 (build 960)
Library Manager: ArmAr.exe V5.06 update 7 (build 960)
Hex Converter:   FromElf.exe V5.06 update 7 (build 960)
CPU DLL:         SARMCM3.DLL V5.35.0.2
Dialog DLL:      DCM.DLL V1.17.3.0
Target DLL:      STLink\ST-LINKIII-KEIL_SWO.dll V3.0.9.0
Dialog DLL:      TCM.DLL V1.53.0.0
 
<h2>Project:</h2>
D:\github\NBUT_super_cap\MDK-ARM\NBUT_super_cap.uvprojx
Project File Date:  04/27/2023

<h2>Output:</h2>
*** Using Compiler 'V5.06 update 7 (build 960)', folder: 'C:\Keil_v5\ARM\ARMCC\Bin'
Rebuild target 'NBUT_super_cap'
assembling startup_stm32f103xb.s...
compiling gpio.c...
compiling can.c...
compiling stm32f1xx_hal_msp.c...
compiling stm32f1xx_hal_gpio_ex.c...
compiling freertos.c...
compiling tim.c...
compiling stm32f1xx_hal_can.c...
compiling main.c...
compiling i2c.c...
compiling stm32f1xx_it.c...
compiling stm32f1xx_hal.c...
compiling stm32f1xx_hal_rcc_ex.c...
compiling stm32f1xx_hal_rcc.c...
compiling stm32f1xx_hal_gpio.c...
compiling stm32f1xx_hal_dma.c...
compiling croutine.c...
compiling stm32f1xx_hal_flash_ex.c...
compiling stm32f1xx_hal_flash.c...
compiling stm32f1xx_hal_cortex.c...
compiling event_groups.c...
compiling list.c...
compiling stm32f1xx_hal_exti.c...
compiling stm32f1xx_hal_pwr.c...
compiling bsp_LM5106.c...
compiling bsp_ina226.c...
compiling timers.c...
compiling system_stm32f1xx.c...
compiling stream_buffer.c...
compiling heap_4.c...
compiling queue.c...
compiling port.c...
compiling tasks.c...
compiling stm32f1xx_hal_tim_ex.c...
compiling cmsis_os.c...
compiling stm32f1xx_hal_i2c.c...
compiling bsp_led.c...
compiling stm32f1xx_hal_tim.c...
compiling bsp_can.c...
compiling can_receive.c...
compiling cap_ctrl.c...
compiling communicate.c...
compiling pid.c...
linking...
Program Size: Code=21124 RO-data=392 RW-data=140 ZI-data=6068  
FromELF: creating hex file...
"NBUT_super_cap\NBUT_super_cap.axf" - 0 Error(s), 0 Warning(s).

<h2>Software Packages used:</h2>

Package Vendor: ARM
                http://www.keil.com/pack/ARM.CMSIS.5.8.0.pack
                ARM.CMSIS.5.8.0
                CMSIS (Common Microcontroller Software Interface Standard)
   * Component: CORE Version: 5.5.0

Package Vendor: Keil
                http://www.keil.com/pack/Keil.STM32F1xx_DFP.2.4.0.pack
                Keil.STM32F1xx_DFP.2.4.0
                STMicroelectronics STM32F1 Series Device Support, Drivers and Examples

<h2>Collection of Component include folders:</h2>
  .\RTE\_NBUT_super_cap
  C:\Users\G1322\AppData\Local\Arm\Packs\ARM\CMSIS\5.8.0\CMSIS\Core\Include
  C:\Users\G1322\AppData\Local\Arm\Packs\Keil\STM32F1xx_DFP\2.4.0\Device\Include

<h2>Collection of Component Files used:</h2>

   * Component: ARM::CMSIS:CORE:5.5.0
      Include file:  CMSIS\Core\Include\tz_context.h
Build Time Elapsed:  00:00:06
</pre>
</body>
</html>
