Component: ARM Compiler 5.06 update 7 (build 960) Tool: armlink [4d3601]

==============================================================================

Section Cross References

    startup_stm32f103xb.o(STACK) refers (Special) to heapauxi.o(.text) for __use_two_region_memory
    startup_stm32f103xb.o(HEAP) refers (Special) to heapauxi.o(.text) for __use_two_region_memory
    startup_stm32f103xb.o(RESET) refers (Special) to heapauxi.o(.text) for __use_two_region_memory
    startup_stm32f103xb.o(RESET) refers to startup_stm32f103xb.o(STACK) for __initial_sp
    startup_stm32f103xb.o(RESET) refers to startup_stm32f103xb.o(.text) for Reset_Handler
    startup_stm32f103xb.o(RESET) refers to stm32f1xx_it.o(i.NMI_Handler) for NMI_Handler
    startup_stm32f103xb.o(RESET) refers to stm32f1xx_it.o(i.HardFault_Handler) for HardFault_Handler
    startup_stm32f103xb.o(RESET) refers to stm32f1xx_it.o(i.MemManage_Handler) for MemManage_Handler
    startup_stm32f103xb.o(RESET) refers to stm32f1xx_it.o(i.BusFault_Handler) for BusFault_Handler
    startup_stm32f103xb.o(RESET) refers to stm32f1xx_it.o(i.UsageFault_Handler) for UsageFault_Handler
    startup_stm32f103xb.o(RESET) refers to stm32f1xx_it.o(i.SVC_Handler) for SVC_Handler
    startup_stm32f103xb.o(RESET) refers to stm32f1xx_it.o(i.DebugMon_Handler) for DebugMon_Handler
    startup_stm32f103xb.o(RESET) refers to stm32f1xx_it.o(i.PendSV_Handler) for PendSV_Handler
    startup_stm32f103xb.o(RESET) refers to stm32f1xx_it.o(i.SysTick_Handler) for SysTick_Handler
    startup_stm32f103xb.o(RESET) refers to stm32f1xx_it.o(i.CAN1_RX1_IRQHandler) for CAN1_RX1_IRQHandler
    startup_stm32f103xb.o(RESET) refers to stm32f1xx_it.o(i.TIM2_IRQHandler) for TIM2_IRQHandler
    startup_stm32f103xb.o(RESET) refers to stm32f1xx_it.o(i.TIM3_IRQHandler) for TIM3_IRQHandler
    startup_stm32f103xb.o(RESET) refers to stm32f1xx_it.o(i.I2C1_EV_IRQHandler) for I2C1_EV_IRQHandler
    startup_stm32f103xb.o(RESET) refers to stm32f1xx_it.o(i.I2C1_ER_IRQHandler) for I2C1_ER_IRQHandler
    startup_stm32f103xb.o(RESET) refers to stm32f1xx_it.o(i.I2C2_EV_IRQHandler) for I2C2_EV_IRQHandler
    startup_stm32f103xb.o(RESET) refers to stm32f1xx_it.o(i.I2C2_ER_IRQHandler) for I2C2_ER_IRQHandler
    startup_stm32f103xb.o(.text) refers (Special) to heapauxi.o(.text) for __use_two_region_memory
    startup_stm32f103xb.o(.text) refers to system_stm32f1xx.o(i.SystemInit) for SystemInit
    startup_stm32f103xb.o(.text) refers to __main.o(!!!main) for __main
    startup_stm32f103xb.o(.text) refers to startup_stm32f103xb.o(HEAP) for Heap_Mem
    startup_stm32f103xb.o(.text) refers to startup_stm32f103xb.o(STACK) for Stack_Mem
    main.o(i.SystemClock_Config) refers to rt_memclr_w.o(.text) for __aeabi_memclr4
    main.o(i.SystemClock_Config) refers to stm32f1xx_hal_rcc.o(i.HAL_RCC_OscConfig) for HAL_RCC_OscConfig
    main.o(i.SystemClock_Config) refers to stm32f1xx_hal_rcc.o(i.HAL_RCC_ClockConfig) for HAL_RCC_ClockConfig
    main.o(i.main) refers to stm32f1xx_hal.o(i.HAL_Init) for HAL_Init
    main.o(i.main) refers to main.o(i.SystemClock_Config) for SystemClock_Config
    main.o(i.main) refers to gpio.o(i.MX_GPIO_Init) for MX_GPIO_Init
    main.o(i.main) refers to can.o(i.MX_CAN_Init) for MX_CAN_Init
    main.o(i.main) refers to i2c.o(i.MX_I2C1_Init) for MX_I2C1_Init
    main.o(i.main) refers to i2c.o(i.MX_I2C2_Init) for MX_I2C2_Init
    main.o(i.main) refers to tim.o(i.MX_TIM2_Init) for MX_TIM2_Init
    main.o(i.main) refers to tim.o(i.MX_TIM3_Init) for MX_TIM3_Init
    main.o(i.main) refers to stm32f1xx_hal_i2c.o(i.HAL_I2C_Master_Receive) for HAL_I2C_Master_Receive
    main.o(i.main) refers to stm32f1xx_hal.o(i.HAL_Delay) for HAL_Delay
    main.o(i.main) refers to stm32f1xx_hal_i2c.o(i.HAL_I2C_Mem_Read) for HAL_I2C_Mem_Read
    main.o(i.main) refers to dflt_clz.o(x$fpl$dfltu) for __aeabi_ui2d
    main.o(i.main) refers to main.o(.bss) for .bss
    main.o(i.main) refers to i2c.o(.bss) for hi2c2
    gpio.o(i.MX_GPIO_Init) refers to stm32f1xx_hal_gpio.o(i.HAL_GPIO_WritePin) for HAL_GPIO_WritePin
    gpio.o(i.MX_GPIO_Init) refers to stm32f1xx_hal_gpio.o(i.HAL_GPIO_Init) for HAL_GPIO_Init
    can.o(i.HAL_CAN_MspDeInit) refers to stm32f1xx_hal_gpio.o(i.HAL_GPIO_DeInit) for HAL_GPIO_DeInit
    can.o(i.HAL_CAN_MspDeInit) refers to stm32f1xx_hal_cortex.o(i.HAL_NVIC_DisableIRQ) for HAL_NVIC_DisableIRQ
    can.o(i.HAL_CAN_MspInit) refers to stm32f1xx_hal_gpio.o(i.HAL_GPIO_Init) for HAL_GPIO_Init
    can.o(i.HAL_CAN_MspInit) refers to stm32f1xx_hal_cortex.o(i.HAL_NVIC_SetPriority) for HAL_NVIC_SetPriority
    can.o(i.HAL_CAN_MspInit) refers to stm32f1xx_hal_cortex.o(i.HAL_NVIC_EnableIRQ) for HAL_NVIC_EnableIRQ
    can.o(i.MX_CAN_Init) refers to stm32f1xx_hal_can.o(i.HAL_CAN_Init) for HAL_CAN_Init
    can.o(i.MX_CAN_Init) refers to main.o(i.Error_Handler) for Error_Handler
    can.o(i.MX_CAN_Init) refers to can.o(.bss) for .bss
[...]
    Removing stm32f1xx_hal_tim_ex.o(i.HAL_TIMEx_OCN_Start_IT), (188 bytes).
    Removing stm32f1xx_hal_tim_ex.o(i.HAL_TIMEx_OCN_Stop), (104 bytes).
    Removing stm32f1xx_hal_tim_ex.o(i.HAL_TIMEx_OCN_Stop_DMA), (158 bytes).
    Removing stm32f1xx_hal_tim_ex.o(i.HAL_TIMEx_OCN_Stop_IT), (160 bytes).
    Removing stm32f1xx_hal_tim_ex.o(i.HAL_TIMEx_OnePulseN_Start), (100 bytes).
    Removing stm32f1xx_hal_tim_ex.o(i.HAL_TIMEx_OnePulseN_Start_IT), (120 bytes).
    Removing stm32f1xx_hal_tim_ex.o(i.HAL_TIMEx_OnePulseN_Stop), (98 bytes).
    Removing stm32f1xx_hal_tim_ex.o(i.HAL_TIMEx_OnePulseN_Stop_IT), (120 bytes).
    Removing stm32f1xx_hal_tim_ex.o(i.HAL_TIMEx_PWMN_Start), (152 bytes).
    Removing stm32f1xx_hal_tim_ex.o(i.HAL_TIMEx_PWMN_Start_DMA), (336 bytes).
    Removing stm32f1xx_hal_tim_ex.o(i.HAL_TIMEx_PWMN_Start_IT), (188 bytes).
    Removing stm32f1xx_hal_tim_ex.o(i.HAL_TIMEx_PWMN_Stop), (104 bytes).
    Removing stm32f1xx_hal_tim_ex.o(i.HAL_TIMEx_PWMN_Stop_DMA), (158 bytes).
    Removing stm32f1xx_hal_tim_ex.o(i.HAL_TIMEx_PWMN_Stop_IT), (160 bytes).
    Removing stm32f1xx_hal_tim_ex.o(i.HAL_TIMEx_RemapConfig), (4 bytes).
    Removing stm32f1xx_hal_tim_ex.o(i.TIMEx_DMACommutationCplt), (16 bytes).
    Removing stm32f1xx_hal_tim_ex.o(i.TIMEx_DMACommutationHalfCplt), (16 bytes).
    Removing stm32f1xx_hal_tim_ex.o(i.TIM_CCxNChannelCmd), (26 bytes).
    Removing stm32f1xx_hal_tim_ex.o(i.TIM_DMADelayPulseNCplt), (94 bytes).
    Removing stm32f1xx_hal_tim_ex.o(i.TIM_DMAErrorCCxN), (62 bytes).
    Removing system_stm32f1xx.o(.rev16_text), (4 bytes).
    Removing system_stm32f1xx.o(.revsh_text), (4 bytes).
    Removing system_stm32f1xx.o(.rrx_text), (6 bytes).
    Removing system_stm32f1xx.o(i.SystemCoreClockUpdate), (104 bytes).

384 unused section(s) (total 30432 bytes) removed from the image.

==============================================================================

Image Symbol Table

    Local Symbols

    Symbol Name                              Value     Ov Type        Size  Object(Section)

    ../Core/Src/can.c                        0x00000000   Number         0  can.o ABSOLUTE
    ../Core/Src/gpio.c                       0x00000000   Number         0  gpio.o ABSOLUTE
    ../Core/Src/i2c.c                        0x00000000   Number         0  i2c.o ABSOLUTE
    ../Core/Src/main.c                       0x00000000   Number         0  main.o ABSOLUTE
    ../Core/Src/stm32f1xx_hal_msp.c          0x00000000   Number         0  stm32f1xx_hal_msp.o ABSOLUTE
    ../Core/Src/stm32f1xx_it.c               0x00000000   Number         0  stm32f1xx_it.o ABSOLUTE
    ../Core/Src/system_stm32f1xx.c           0x00000000   Number         0  system_stm32f1xx.o ABSOLUTE
    ../Core/Src/tim.c                        0x00000000   Number         0  tim.o ABSOLUTE
    ../Drivers/STM32F1xx_HAL_Driver/Src/stm32f1xx_hal.c 0x00000000   Number         0  stm32f1xx_hal.o ABSOLUTE
    ../Drivers/STM32F1xx_HAL_Driver/Src/stm32f1xx_hal_can.c 0x00000000   Number         0  stm32f1xx_hal_can.o ABSOLUTE
    ../Drivers/STM32F1xx_HAL_Driver/Src/stm32f1xx_hal_cortex.c 0x00000000   Number         0  stm32f1xx_hal_cortex.o ABSOLUTE
    ../Drivers/STM32F1xx_HAL_Driver/Src/stm32f1xx_hal_dma.c 0x00000000   Number         0  stm32f1xx_hal_dma.o ABSOLUTE
    ../Drivers/STM32F1xx_HAL_Driver/Src/stm32f1xx_hal_exti.c 0x00000000   Number         0  stm32f1xx_hal_exti.o ABSOLUTE
    ../Drivers/STM32F1xx_HAL_Driver/Src/stm32f1xx_hal_flash.c 0x00000000   Number         0  stm32f1xx_hal_flash.o ABSOLUTE
    ../Drivers/STM32F1xx_HAL_Driver/Src/stm32f1xx_hal_flash_ex.c 0x00000000   Number         0  stm32f1xx_hal_flash_ex.o ABSOLUTE
    ../Drivers/STM32F1xx_HAL_Driver/Src/stm32f1xx_hal_gpio.c 0x00000000   Number         0  stm32f1xx_hal_gpio.o ABSOLUTE
    ../Drivers/STM32F1xx_HAL_Driver/Src/stm32f1xx_hal_gpio_ex.c 0x00000000   Number         0  stm32f1xx_hal_gpio_ex.o ABSOLUTE
    ../Drivers/STM32F1xx_HAL_Driver/Src/stm32f1xx_hal_i2c.c 0x00000000   Number         0  stm32f1xx_hal_i2c.o ABSOLUTE
    ../Drivers/STM32F1xx_HAL_Driver/Src/stm32f1xx_hal_pwr.c 0x00000000   Number         0  stm32f1xx_hal_pwr.o ABSOLUTE
    ../Drivers/STM32F1xx_HAL_Driver/Src/stm32f1xx_hal_rcc.c 0x00000000   Number         0  stm32f1xx_hal_rcc.o ABSOLUTE
    ../Drivers/STM32F1xx_HAL_Driver/Src/stm32f1xx_hal_rcc_ex.c 0x00000000   Number         0  stm32f1xx_hal_rcc_ex.o ABSOLUTE
    ../Drivers/STM32F1xx_HAL_Driver/Src/stm32f1xx_hal_tim.c 0x00000000   Number         0  stm32f1xx_hal_tim.o ABSOLUTE
    ../Drivers/STM32F1xx_HAL_Driver/Src/stm32f1xx_hal_tim_ex.c 0x00000000   Number         0  stm32f1xx_hal_tim_ex.o ABSOLUTE
    ../clib/angel/boardlib.s                 0x00000000   Number         0  boardinit2.o ABSOLUTE
    ../clib/angel/boardlib.s                 0x00000000   Number         0  boardinit1.o ABSOLUTE
    ../clib/angel/boardlib.s                 0x00000000   Number         0  boardinit3.o ABSOLUTE
    ../clib/angel/boardlib.s                 0x00000000   Number         0  boardshut.o ABSOLUTE
    ../clib/angel/handlers.s                 0x00000000   Number         0  __scatter_zi.o ABSOLUTE
    ../clib/angel/handlers.s                 0x00000000   Number         0  __scatter_copy.o ABSOLUTE
    ../clib/angel/kernel.s                   0x00000000   Number         0  rtexit.o ABSOLUTE
    ../clib/angel/kernel.s                   0x00000000   Number         0  rtexit2.o ABSOLUTE
    ../clib/angel/kernel.s                   0x00000000   Number         0  __rtentry.o ABSOLUTE
    ../clib/angel/kernel.s                   0x00000000   Number         0  __rtentry2.o ABSOLUTE
    ../clib/angel/kernel.s                   0x00000000   Number         0  __rtentry4.o ABSOLUTE
    ../clib/angel/rt.s                       0x00000000   Number         0  rt_raise.o ABSOLUTE
    ../clib/angel/scatter.s                  0x00000000   Number         0  __scatter.o ABSOLUTE
    ../clib/angel/startup.s                  0x00000000   Number         0  __main.o ABSOLUTE
    ../clib/angel/sys.s                      0x00000000   Number         0  libspace.o ABSOLUTE
    ../clib/angel/sys.s                      0x00000000   Number         0  use_no_semi.o ABSOLUTE
    ../clib/angel/sys.s                      0x00000000   Number         0  indicate_semi.o ABSOLUTE
    ../clib/angel/sys.s                      0x00000000   Number         0  sys_stackheap_outer.o ABSOLUTE
    ../clib/angel/sysapp.c                   0x00000000   Number         0  sys_wrch.o ABSOLUTE
    ../clib/angel/sysapp.c                   0x00000000   Number         0  sys_exit.o ABSOLUTE
    ../clib/angel/sysapp.c                   0x00000000   Number         0  sys_command.o ABSOLUTE
    ../clib/armsys.c                         0x00000000   Number         0  _get_argv_nomalloc.o ABSOLUTE
    ../clib/armsys.c                         0x00000000   Number         0  argv_veneer.o ABSOLUTE
    ../clib/armsys.c                         0x00000000   Number         0  no_argv.o ABSOLUTE
    ../clib/armsys.c                         0x00000000   Number         0  argv_veneer.o ABSOLUTE
    ../clib/heapalloc.c                      0x00000000   Number         0  hrguard.o ABSOLUTE
    ../clib/heapaux.c                        0x00000000   Number         0  heapauxi.o ABSOLUTE
    ../clib/libinit.s                        0x00000000   Number         0  libshutdown2.o ABSOLUTE
    ../clib/libinit.s                        0x00000000   Number         0  libinit2.o ABSOLUTE
    ../clib/libinit.s                        0x00000000   Number         0  libinit.o ABSOLUTE
    ../clib/libinit.s                        0x00000000   Number         0  libshutdown.o ABSOLUTE
    ../clib/longlong.s                       0x00000000   Number         0  llushr.o ABSOLUTE
    ../clib/memcpset.s                       0x00000000   Number         0  rt_memclr_w.o ABSOLUTE
    ../clib/signal.c                         0x00000000   Number         0  defsig_abrt_inner.o ABSOLUTE
    ../clib/signal.c                         0x00000000   Number         0  defsig_fpe_inner.o ABSOLUTE
    ../clib/signal.c                         0x00000000   Number         0  defsig_rtred_inner.o ABSOLUTE
    ../clib/signal.c                         0x00000000   Number         0  defsig_stak_inner.o ABSOLUTE
    ../clib/signal.c                         0x00000000   Number         0  defsig_pvfn_inner.o ABSOLUTE
    ../clib/signal.c                         0x00000000   Number         0  defsig_cppl_inner.o ABSOLUTE
    ../clib/signal.c                         0x00000000   Number         0  defsig_rtmem_formal.o ABSOLUTE
    ../clib/signal.c                         0x00000000   Number         0  defsig_rtmem_outer.o ABSOLUTE
    ../clib/signal.c                         0x00000000   Number         0  defsig_segv_inner.o ABSOLUTE
    ../clib/signal.c                         0x00000000   Number         0  defsig_other.o ABSOLUTE
    ../clib/signal.c                         0x00000000   Number         0  __raise.o ABSOLUTE
    ../clib/signal.c                         0x00000000   Number         0  defsig_exit.o ABSOLUTE
    ../clib/signal.c                         0x00000000   Number         0  defsig_rtmem_inner.o ABSOLUTE
    ../clib/signal.c                         0x00000000   Number         0  defsig_general.o ABSOLUTE
    ../clib/signal.s                         0x00000000   Number         0  defsig.o ABSOLUTE
    ../clib/stdlib.c                         0x00000000   Number         0  exit.o ABSOLUTE
    ../fplib/dflt.s                          0x00000000   Number         0  dflt_clz.o ABSOLUTE
    ../fplib/fpinit.s                        0x00000000   Number         0  fpinit.o ABSOLUTE
    ../fplib/usenofp.s                       0x00000000   Number         0  usenofp.o ABSOLUTE
    ..\Core\Src\can.c                        0x00000000   Number         0  can.o ABSOLUTE
    ..\Core\Src\gpio.c                       0x00000000   Number         0  gpio.o ABSOLUTE
    ..\Core\Src\i2c.c                        0x00000000   Number         0  i2c.o ABSOLUTE
    ..\Core\Src\main.c                       0x00000000   Number         0  main.o ABSOLUTE
    ..\Core\Src\stm32f1xx_hal_msp.c          0x00000000   Number         0  stm32f1xx_hal_msp.o ABSOLUTE
    ..\Core\Src\stm32f1xx_it.c               0x00000000   Number         0  stm32f1xx_it.o ABSOLUTE
    ..\Core\Src\system_stm32f1xx.c           0x00000000   Number         0  system_stm32f1xx.o ABSOLUTE
    ..\Core\Src\tim.c                        0x00000000   Number         0  tim.o ABSOLUTE
    ..\Drivers\STM32F1xx_HAL_Driver\Src\stm32f1xx_hal.c 0x00000000   Number         0  stm32f1xx_hal.o ABSOLUTE
    ..\Drivers\STM32F1xx_HAL_Driver\Src\stm32f1xx_hal_can.c 0x00000000   Number         0  stm32f1xx_hal_can.o ABSOLUTE
    ..\Drivers\STM32F1xx_HAL_Driver\Src\stm32f1xx_hal_cortex.c 0x00000000   Number         0  stm32f1xx_hal_cortex.o ABSOLUTE
    ..\Drivers\STM32F1xx_HAL_Driver\Src\stm32f1xx_hal_dma.c 0x00000000   Number         0  stm32f1xx_hal_dma.o ABSOLUTE
    ..\Drivers\STM32F1xx_HAL_Driver\Src\stm32f1xx_hal_exti.c 0x00000000   Number         0  stm32f1xx_hal_exti.o ABSOLUTE
    ..\Drivers\STM32F1xx_HAL_Driver\Src\stm32f1xx_hal_flash.c 0x00000000   Number         0  stm32f1xx_hal_flash.o ABSOLUTE
    ..\Drivers\STM32F1xx_HAL_Driver\Src\stm32f1xx_hal_flash_ex.c 0x00000000   Number         0  stm32f1xx_hal_flash_ex.o ABSOLUTE
    ..\Drivers\STM32F1xx_HAL_Driver\Src\stm32f1xx_hal_gpio.c 0x00000000   Number         0  stm32f1xx_hal_gpio.o ABSOLUTE
    ..\Drivers\STM32F1xx_HAL_Driver\Src\stm32f1xx_hal_gpio_ex.c 0x00000000   Number         0  stm32f1xx_hal_gpio_ex.o ABSOLUTE
    ..\Drivers\STM32F1xx_HAL_Driver\Src\stm32f1xx_hal_i2c.c 0x00000000   Number         0  stm32f1xx_hal_i2c.o ABSOLUTE
    ..\Drivers\STM32F1xx_HAL_Driver\Src\stm32f1xx_hal_pwr.c 0x00000000   Number         0  stm32f1xx_hal_pwr.o ABSOLUTE
    ..\Drivers\STM32F1xx_HAL_Driver\Src\stm32f1xx_hal_rcc.c 0x00000000   Number         0  stm32f1xx_hal_rcc.o ABSOLUTE
    ..\Drivers\STM32F1xx_HAL_Driver\Src\stm32f1xx_hal_rcc_ex.c 0x00000000   Number         0  stm32f1xx_hal_rcc_ex.o ABSOLUTE
    ..\Drivers\STM32F1xx_HAL_Driver\Src\stm32f1xx_hal_tim.c 0x00000000   Number         0  stm32f1xx_hal_tim.o ABSOLUTE
    ..\Drivers\STM32F1xx_HAL_Driver\Src\stm32f1xx_hal_tim_ex.c 0x00000000   Number         0  stm32f1xx_hal_tim_ex.o ABSOLUTE
    dc.s                                     0x00000000   Number         0  dc.o ABSOLUTE
    startup_stm32f103xb.s                    0x00000000   Number         0  startup_stm32f103xb.o ABSOLUTE
    RESET                                    0x08000000   Section      236  startup_stm32f103xb.o(RESET)
    !!!main                                  0x080000ec   Section        8  __main.o(!!!main)
    !!!scatter                               0x080000f4   Section       52  __scatter.o(!!!scatter)
    !!handler_copy                           0x08000128   Section       26  __scatter_copy.o(!!handler_copy)
    !!handler_zi                             0x08000144   Section       28  __scatter_zi.o(!!handler_zi)
    .ARM.Collect$$libinit$$00000000          0x08000160   Section        2  libinit.o(.ARM.Collect$$libinit$$00000000)
    .ARM.Collect$$libinit$$00000002          0x08000162   Section        0  libinit2.o(.ARM.Collect$$libinit$$00000002)
    .ARM.Collect$$libinit$$00000004          0x08000162   Section        0  libinit2.o(.ARM.Collect$$libinit$$00000004)
    .ARM.Collect$$libinit$$0000000A          0x08000162   Section        0  libinit2.o(.ARM.Collect$$libinit$$0000000A)
    .ARM.Collect$$libinit$$0000000C          0x08000162   Section        0  libinit2.o(.ARM.Collect$$libinit$$0000000C)
    .ARM.Collect$$libinit$$0000000E          0x08000162   Section        0  libinit2.o(.ARM.Collect$$libinit$$0000000E)
    .ARM.Collect$$libinit$$00000011          0x08000162   Section        0  libinit2.o(.ARM.Collect$$libinit$$00000011)
    .ARM.Collect$$libinit$$00000013          0x08000162   Section        0  libinit2.o(.ARM.Collect$$libinit$$00000013)
    .ARM.Collect$$libinit$$00000015          0x08000162   Section        0  libinit2.o(.ARM.Collect$$libinit$$00000015)
    .ARM.Collect$$libinit$$00000017          0x08000162   Section        0  libinit2.o(.ARM.Collect$$libinit$$00000017)
    .ARM.Collect$$libinit$$00000019          0x08000162   Section        0  libinit2.o(.ARM.Collect$$libinit$$00000019)
    .ARM.Collect$$libinit$$0000001B          0x08000162   Section        0  libinit2.o(.ARM.Collect$$libinit$$0000001B)
    .ARM.Collect$$libinit$$0000001D          0x08000162   Section        0  libinit2.o(.ARM.Collect$$libinit$$0000001D)
    .ARM.Collect$$libinit$$0000001F          0x08000162   Section        0  libinit2.o(.ARM.Collect$$libinit$$0000001F)
    .ARM.Collect$$libinit$$00000021          0x08000162   Section        0  libinit2.o(.ARM.Collect$$libinit$$00000021)
    .ARM.Collect$$libinit$$00000023          0x08000162   Section        0  libinit2.o(.ARM.Collect$$libinit$$00000023)
    .ARM.Collect$$libinit$$00000025          0x08000162   Section        0  libinit2.o(.ARM.Collect$$libinit$$00000025)
    .ARM.Collect$$libinit$$0000002C          0x08000162   Section        0  libinit2.o(.ARM.Collect$$libinit$$0000002C)
    .ARM.Collect$$libinit$$0000002E          0x08000162   Section        0  libinit2.o(.ARM.Collect$$libinit$$0000002E)
    .ARM.Collect$$libinit$$00000030          0x08000162   Section        0  libinit2.o(.ARM.Collect$$libinit$$00000030)
    .ARM.Collect$$libinit$$00000032          0x08000162   Section        0  libinit2.o(.ARM.Collect$$libinit$$00000032)
    .ARM.Collect$$libinit$$00000033          0x08000162   Section        2  libinit2.o(.ARM.Collect$$libinit$$00000033)
    .ARM.Collect$$libshutdown$$00000000      0x08000164   Section        2  libshutdown.o(.ARM.Collect$$libshutdown$$00000000)
    .ARM.Collect$$libshutdown$$00000002      0x08000166   Section        0  libshutdown2.o(.ARM.Collect$$libshutdown$$00000002)
    .ARM.Collect$$libshutdown$$00000004      0x08000166   Section        0  libshutdown2.o(.ARM.Collect$$libshutdown$$00000004)
    .ARM.Collect$$libshutdown$$00000006      0x08000166   Section        0  libshutdown2.o(.ARM.Collect$$libshutdown$$00000006)
    .ARM.Collect$$libshutdown$$00000009      0x08000166   Section        0  libshutdown2.o(.ARM.Collect$$libshutdown$$00000009)
    .ARM.Collect$$libshutdown$$0000000C      0x08000166   Section        0  libshutdown2.o(.ARM.Collect$$libshutdown$$0000000C)
    .ARM.Collect$$libshutdown$$0000000E      0x08000166   Section        0  libshutdown2.o(.ARM.Collect$$libshutdown$$0000000E)
    .ARM.Collect$$libshutdown$$00000011      0x08000166   Section        0  libshutdown2.o(.ARM.Collect$$libshutdown$$00000011)
    .ARM.Collect$$libshutdown$$00000012      0x08000166   Section        2  libshutdown2.o(.ARM.Collect$$libshutdown$$00000012)
    .ARM.Collect$$rtentry$$00000000          0x08000168   Section        0  __rtentry.o(.ARM.Collect$$rtentry$$00000000)
    .ARM.Collect$$rtentry$$00000002          0x08000168   Section        0  __rtentry2.o(.ARM.Collect$$rtentry$$00000002)
    .ARM.Collect$$rtentry$$00000004          0x08000168   Section        6  __rtentry4.o(.ARM.Collect$$rtentry$$00000004)
    .ARM.Collect$$rtentry$$00000009          0x0800016e   Section        0  __rtentry2.o(.ARM.Collect$$rtentry$$00000009)
    .ARM.Collect$$rtentry$$0000000A          0x0800016e   Section        4  __rtentry2.o(.ARM.Collect$$rtentry$$0000000A)
    .ARM.Collect$$rtentry$$0000000C          0x08000172   Section        0  __rtentry2.o(.ARM.Collect$$rtentry$$0000000C)
    .ARM.Collect$$rtentry$$0000000D          0x08000172   Section        8  __rtentry2.o(.ARM.Collect$$rtentry$$0000000D)
    .ARM.Collect$$rtexit$$00000000           0x0800017a   Section        2  rtexit.o(.ARM.Collect$$rtexit$$00000000)
    .ARM.Collect$$rtexit$$00000002           0x0800017c   Section        0  rtexit2.o(.ARM.Collect$$rtexit$$00000002)
    .ARM.Collect$$rtexit$$00000003           0x0800017c   Section        4  rtexit2.o(.ARM.Collect$$rtexit$$00000003)
    .ARM.Collect$$rtexit$$00000004           0x08000180   Section        6  rtexit2.o(.ARM.Collect$$rtexit$$00000004)
    .text                                    0x08000188   Section       64  startup_stm32f103xb.o(.text)
    .text                                    0x080001c8   Section       78  rt_memclr_w.o(.text)
    .text                                    0x08000216   Section        0  heapauxi.o(.text)
    .text                                    0x0800021c   Section       74  sys_stackheap_outer.o(.text)
    .text                                    0x08000266   Section        0  exit.o(.text)
    .text                                    0x08000278   Section        8  libspace.o(.text)
    .text                                    0x08000280   Section        0  sys_exit.o(.text)
    .text                                    0x0800028c   Section        2  use_no_semi.o(.text)
    .text                                    0x0800028e   Section        0  indicate_semi.o(.text)
    i.BusFault_Handler                       0x0800028e   Section        0  stm32f1xx_it.o(i.BusFault_Handler)
    i.CAN1_RX1_IRQHandler                    0x08000290   Section        0  stm32f1xx_it.o(i.CAN1_RX1_IRQHandler)
    i.DebugMon_Handler                       0x0800029c   Section        0  stm32f1xx_it.o(i.DebugMon_Handler)
    i.Error_Handler                          0x0800029e   Section        0  main.o(i.Error_Handler)
    i.HAL_CAN_ErrorCallback                  0x080002a2   Section        0  stm32f1xx_hal_can.o(i.HAL_CAN_ErrorCallback)
    i.HAL_CAN_IRQHandler                     0x080002a4   Section        0  stm32f1xx_hal_can.o(i.HAL_CAN_IRQHandler)
    i.HAL_CAN_Init                           0x080004a0   Section        0  stm32f1xx_hal_can.o(i.HAL_CAN_Init)
    i.HAL_CAN_MspInit                        0x080005bc   Section        0  can.o(i.HAL_CAN_MspInit)
    i.HAL_CAN_RxFifo0FullCallback            0x08000650   Section        0  stm32f1xx_hal_can.o(i.HAL_CAN_RxFifo0FullCallback)
    i.HAL_CAN_RxFifo0MsgPendingCallback      0x08000652   Section        0  stm32f1xx_hal_can.o(i.HAL_CAN_RxFifo0MsgPendingCallback)
    i.HAL_CAN_RxFifo1FullCallback            0x08000654   Section        0  stm32f1xx_hal_can.o(i.HAL_CAN_RxFifo1FullCallback)
    i.HAL_CAN_RxFifo1MsgPendingCallback      0x08000656   Section        0  stm32f1xx_hal_can.o(i.HAL_CAN_RxFifo1MsgPendingCallback)
    i.HAL_CAN_SleepCallback                  0x08000658   Section        0  stm32f1xx_hal_can.o(i.HAL_CAN_SleepCallback)
    i.HAL_CAN_TxMailbox0AbortCallback        0x0800065a   Section        0  stm32f1xx_hal_can.o(i.HAL_CAN_TxMailbox0AbortCallback)
    i.HAL_CAN_TxMailbox0CompleteCallback     0x0800065c   Section        0  stm32f1xx_hal_can.o(i.HAL_CAN_TxMailbox0CompleteCallback)
    i.HAL_CAN_TxMailbox1AbortCallback        0x0800065e   Section        0  stm32f1xx_hal_can.o(i.HAL_CAN_TxMailbox1AbortCallback)
    i.HAL_CAN_TxMailbox1CompleteCallback     0x08000660   Section        0  stm32f1xx_hal_can.o(i.HAL_CAN_TxMailbox1CompleteCallback)
    i.HAL_CAN_TxMailbox2AbortCallback        0x08000662   Section        0  stm32f1xx_hal_can.o(i.HAL_CAN_TxMailbox2AbortCallback)
    i.HAL_CAN_TxMailbox2CompleteCallback     0x08000664   Section        0  stm32f1xx_hal_can.o(i.HAL_CAN_TxMailbox2CompleteCallback)
    i.HAL_CAN_WakeUpFromRxMsgCallback        0x08000666   Section        0  stm32f1xx_hal_can.o(i.HAL_CAN_WakeUpFromRxMsgCallback)
    i.HAL_DMA_Abort_IT                       0x08000668   Section        0  stm32f1xx_hal_dma.o(i.HAL_DMA_Abort_IT)
    i.HAL_DMA_GetState                       0x08000700   Section        0  stm32f1xx_hal_dma.o(i.HAL_DMA_GetState)
    i.HAL_Delay                              0x08000708   Section        0  stm32f1xx_hal.o(i.HAL_Delay)
    i.HAL_GPIO_Init                          0x0800072c   Section        0  stm32f1xx_hal_gpio.o(i.HAL_GPIO_Init)
    i.HAL_GPIO_WritePin                      0x0800090c   Section        0  stm32f1xx_hal_gpio.o(i.HAL_GPIO_WritePin)
    i.HAL_GetTick                            0x08000918   Section        0  stm32f1xx_hal.o(i.HAL_GetTick)
    i.HAL_I2C_AbortCpltCallback              0x08000924   Section        0  stm32f1xx_hal_i2c.o(i.HAL_I2C_AbortCpltCallback)
    i.HAL_I2C_AddrCallback                   0x08000926   Section        0  stm32f1xx_hal_i2c.o(i.HAL_I2C_AddrCallback)
    i.HAL_I2C_ER_IRQHandler                  0x08000928   Section        0  stm32f1xx_hal_i2c.o(i.HAL_I2C_ER_IRQHandler)
    i.HAL_I2C_EV_IRQHandler                  0x080009ec   Section        0  stm32f1xx_hal_i2c.o(i.HAL_I2C_EV_IRQHandler)
    i.HAL_I2C_ErrorCallback                  0x08000c1c   Section        0  stm32f1xx_hal_i2c.o(i.HAL_I2C_ErrorCallback)
    i.HAL_I2C_Init                           0x08000c20   Section        0  stm32f1xx_hal_i2c.o(i.HAL_I2C_Init)
    i.HAL_I2C_ListenCpltCallback             0x08000da8   Section        0  stm32f1xx_hal_i2c.o(i.HAL_I2C_ListenCpltCallback)
    i.HAL_I2C_MasterRxCpltCallback           0x08000daa   Section        0  stm32f1xx_hal_i2c.o(i.HAL_I2C_MasterRxCpltCallback)
    i.HAL_I2C_MasterTxCpltCallback           0x08000dac   Section        0  stm32f1xx_hal_i2c.o(i.HAL_I2C_MasterTxCpltCallback)
    i.HAL_I2C_Master_Receive                 0x08000db0   Section        0  stm32f1xx_hal_i2c.o(i.HAL_I2C_Master_Receive)
    i.HAL_I2C_MemRxCpltCallback              0x08000ff4   Section        0  stm32f1xx_hal_i2c.o(i.HAL_I2C_MemRxCpltCallback)
    i.HAL_I2C_MemTxCpltCallback              0x08000ff6   Section        0  stm32f1xx_hal_i2c.o(i.HAL_I2C_MemTxCpltCallback)
    i.HAL_I2C_Mem_Read                       0x08000ff8   Section        0  stm32f1xx_hal_i2c.o(i.HAL_I2C_Mem_Read)
    i.HAL_I2C_MspInit                        0x08001248   Section        0  i2c.o(i.HAL_I2C_MspInit)
    i.HAL_I2C_SlaveRxCpltCallback            0x0800131c   Section        0  stm32f1xx_hal_i2c.o(i.HAL_I2C_SlaveRxCpltCallback)
    i.HAL_I2C_SlaveTxCpltCallback            0x0800131e   Section        0  stm32f1xx_hal_i2c.o(i.HAL_I2C_SlaveTxCpltCallback)
    i.HAL_IncTick                            0x08001320   Section        0  stm32f1xx_hal.o(i.HAL_IncTick)
    i.HAL_Init                               0x08001330   Section        0  stm32f1xx_hal.o(i.HAL_Init)
    i.HAL_InitTick                           0x08001354   Section        0  stm32f1xx_hal.o(i.HAL_InitTick)
    i.HAL_MspInit                            0x08001394   Section        0  stm32f1xx_hal_msp.o(i.HAL_MspInit)
    i.HAL_NVIC_EnableIRQ                     0x080013d0   Section        0  stm32f1xx_hal_cortex.o(i.HAL_NVIC_EnableIRQ)
    i.HAL_NVIC_SetPriority                   0x080013ec   Section        0  stm32f1xx_hal_cortex.o(i.HAL_NVIC_SetPriority)
    i.HAL_NVIC_SetPriorityGrouping           0x0800142c   Section        0  stm32f1xx_hal_cortex.o(i.HAL_NVIC_SetPriorityGrouping)
    i.HAL_RCC_ClockConfig                    0x08001450   Section        0  stm32f1xx_hal_rcc.o(i.HAL_RCC_ClockConfig)
    i.HAL_RCC_GetPCLK1Freq                   0x0800157c   Section        0  stm32f1xx_hal_rcc.o(i.HAL_RCC_GetPCLK1Freq)
    i.HAL_RCC_GetSysClockFreq                0x0800159c   Section        0  stm32f1xx_hal_rcc.o(i.HAL_RCC_GetSysClockFreq)
    i.HAL_RCC_OscConfig                      0x08001608   Section        0  stm32f1xx_hal_rcc.o(i.HAL_RCC_OscConfig)
    i.HAL_SYSTICK_Config                     0x08001928   Section        0  stm32f1xx_hal_cortex.o(i.HAL_SYSTICK_Config)
    i.HAL_TIMEx_BreakCallback                0x08001950   Section        0  stm32f1xx_hal_tim_ex.o(i.HAL_TIMEx_BreakCallback)
    i.HAL_TIMEx_CommutCallback               0x08001952   Section        0  stm32f1xx_hal_tim_ex.o(i.HAL_TIMEx_CommutCallback)
    i.HAL_TIMEx_MasterConfigSynchronization  0x08001954   Section        0  stm32f1xx_hal_tim_ex.o(i.HAL_TIMEx_MasterConfigSynchronization)
    i.HAL_TIM_Base_Init                      0x080019bc   Section        0  stm32f1xx_hal_tim.o(i.HAL_TIM_Base_Init)
    i.HAL_TIM_Base_MspInit                   0x08001a18   Section        0  tim.o(i.HAL_TIM_Base_MspInit)
    i.HAL_TIM_Base_Start                     0x08001a78   Section        0  stm32f1xx_hal_tim.o(i.HAL_TIM_Base_Start)
    i.HAL_TIM_ConfigClockSource              0x08001ac8   Section        0  stm32f1xx_hal_tim.o(i.HAL_TIM_ConfigClockSource)
    i.HAL_TIM_IC_CaptureCallback             0x08001b9e   Section        0  stm32f1xx_hal_tim.o(i.HAL_TIM_IC_CaptureCallback)
    i.HAL_TIM_IRQHandler                     0x08001ba0   Section        0  stm32f1xx_hal_tim.o(i.HAL_TIM_IRQHandler)
    i.HAL_TIM_MspPostInit                    0x08001d08   Section        0  tim.o(i.HAL_TIM_MspPostInit)
    i.HAL_TIM_OC_DelayElapsedCallback        0x08001d7c   Section        0  stm32f1xx_hal_tim.o(i.HAL_TIM_OC_DelayElapsedCallback)
    i.HAL_TIM_PWM_ConfigChannel              0x08001d7e   Section        0  stm32f1xx_hal_tim.o(i.HAL_TIM_PWM_ConfigChannel)
    i.HAL_TIM_PWM_Init                       0x08001e44   Section        0  stm32f1xx_hal_tim.o(i.HAL_TIM_PWM_Init)
    i.HAL_TIM_PWM_MspInit                    0x08001e9e   Section        0  stm32f1xx_hal_tim.o(i.HAL_TIM_PWM_MspInit)
    i.HAL_TIM_PWM_PulseFinishedCallback      0x08001ea0   Section        0  stm32f1xx_hal_tim.o(i.HAL_TIM_PWM_PulseFinishedCallback)
    i.HAL_TIM_PWM_Start                      0x08001ea4   Section        0  stm32f1xx_hal_tim.o(i.HAL_TIM_PWM_Start)
    i.HAL_TIM_PeriodElapsedCallback          0x08001f40   Section        0  stm32f1xx_hal_tim.o(i.HAL_TIM_PeriodElapsedCallback)
    i.HAL_TIM_TriggerCallback                0x08001f42   Section        0  stm32f1xx_hal_tim.o(i.HAL_TIM_TriggerCallback)
    i.HardFault_Handler                      0x08001f44   Section        0  stm32f1xx_it.o(i.HardFault_Handler)
    i.I2C1_ER_IRQHandler                     0x08001f48   Section        0  stm32f1xx_it.o(i.I2C1_ER_IRQHandler)
    i.I2C1_EV_IRQHandler                     0x08001f54   Section        0  stm32f1xx_it.o(i.I2C1_EV_IRQHandler)
    i.I2C2_ER_IRQHandler                     0x08001f60   Section        0  stm32f1xx_it.o(i.I2C2_ER_IRQHandler)
    i.I2C2_EV_IRQHandler                     0x08001f6c   Section        0  stm32f1xx_it.o(i.I2C2_EV_IRQHandler)
    i.I2C_DMAAbort                           0x08001f78   Section        0  stm32f1xx_hal_i2c.o(i.I2C_DMAAbort)
    I2C_DMAAbort                             0x08001f79   Thumb Code   182  stm32f1xx_hal_i2c.o(i.I2C_DMAAbort)
    i.I2C_ITError                            0x08002034   Section        0  stm32f1xx_hal_i2c.o(i.I2C_ITError)
    I2C_ITError                              0x08002035   Thumb Code   336  stm32f1xx_hal_i2c.o(i.I2C_ITError)
    i.I2C_IsAcknowledgeFailed                0x0800218c   Section        0  stm32f1xx_hal_i2c.o(i.I2C_IsAcknowledgeFailed)
    I2C_IsAcknowledgeFailed                  0x0800218d   Thumb Code    46  stm32f1xx_hal_i2c.o(i.I2C_IsAcknowledgeFailed)
    i.I2C_MasterReceive_BTF                  0x080021ba   Section        0  stm32f1xx_hal_i2c.o(i.I2C_MasterReceive_BTF)
    I2C_MasterReceive_BTF                    0x080021bb   Thumb Code   210  stm32f1xx_hal_i2c.o(i.I2C_MasterReceive_BTF)
    i.I2C_MasterReceive_RXNE                 0x0800228c   Section        0  stm32f1xx_hal_i2c.o(i.I2C_MasterReceive_RXNE)
    I2C_MasterReceive_RXNE                   0x0800228d   Thumb Code   228  stm32f1xx_hal_i2c.o(i.I2C_MasterReceive_RXNE)
    i.I2C_MasterRequestRead                  0x08002374   Section        0  stm32f1xx_hal_i2c.o(i.I2C_MasterRequestRead)
    I2C_MasterRequestRead                    0x08002375   Thumb Code   230  stm32f1xx_hal_i2c.o(i.I2C_MasterRequestRead)
    i.I2C_MasterTransmit_BTF                 0x08002460   Section        0  stm32f1xx_hal_i2c.o(i.I2C_MasterTransmit_BTF)
    I2C_MasterTransmit_BTF                   0x08002461   Thumb Code   130  stm32f1xx_hal_i2c.o(i.I2C_MasterTransmit_BTF)
    i.I2C_MasterTransmit_TXE                 0x080024e4   Section        0  stm32f1xx_hal_i2c.o(i.I2C_MasterTransmit_TXE)
    I2C_MasterTransmit_TXE                   0x080024e5   Thumb Code   182  stm32f1xx_hal_i2c.o(i.I2C_MasterTransmit_TXE)
    i.I2C_Master_ADDR                        0x0800259c   Section        0  stm32f1xx_hal_i2c.o(i.I2C_Master_ADDR)
    I2C_Master_ADDR                          0x0800259d   Thumb Code   340  stm32f1xx_hal_i2c.o(i.I2C_Master_ADDR)
    i.I2C_Master_SB                          0x080026f4   Section        0  stm32f1xx_hal_i2c.o(i.I2C_Master_SB)
    I2C_Master_SB                            0x080026f5   Thumb Code   140  stm32f1xx_hal_i2c.o(i.I2C_Master_SB)
    i.I2C_MemoryTransmit_TXE_BTF             0x08002780   Section        0  stm32f1xx_hal_i2c.o(i.I2C_MemoryTransmit_TXE_BTF)
    I2C_MemoryTransmit_TXE_BTF               0x08002781   Thumb Code   160  stm32f1xx_hal_i2c.o(i.I2C_MemoryTransmit_TXE_BTF)
    i.I2C_RequestMemoryRead                  0x08002820   Section        0  stm32f1xx_hal_i2c.o(i.I2C_RequestMemoryRead)
    I2C_RequestMemoryRead                    0x08002821   Thumb Code   246  stm32f1xx_hal_i2c.o(i.I2C_RequestMemoryRead)
    i.I2C_Slave_ADDR                         0x0800291c   Section        0  stm32f1xx_hal_i2c.o(i.I2C_Slave_ADDR)
    I2C_Slave_ADDR                           0x0800291d   Thumb Code    70  stm32f1xx_hal_i2c.o(i.I2C_Slave_ADDR)
    i.I2C_Slave_AF                           0x08002964   Section        0  stm32f1xx_hal_i2c.o(i.I2C_Slave_AF)
    I2C_Slave_AF                             0x08002965   Thumb Code   126  stm32f1xx_hal_i2c.o(i.I2C_Slave_AF)
    i.I2C_Slave_STOPF                        0x080029e8   Section        0  stm32f1xx_hal_i2c.o(i.I2C_Slave_STOPF)
    I2C_Slave_STOPF                          0x080029e9   Thumb Code   338  stm32f1xx_hal_i2c.o(i.I2C_Slave_STOPF)
    i.I2C_WaitOnFlagUntilTimeout             0x08002b44   Section        0  stm32f1xx_hal_i2c.o(i.I2C_WaitOnFlagUntilTimeout)
    I2C_WaitOnFlagUntilTimeout               0x08002b45   Thumb Code   104  stm32f1xx_hal_i2c.o(i.I2C_WaitOnFlagUntilTimeout)
    i.I2C_WaitOnMasterAddressFlagUntilTimeout 0x08002bac   Section        0  stm32f1xx_hal_i2c.o(i.I2C_WaitOnMasterAddressFlagUntilTimeout)
    I2C_WaitOnMasterAddressFlagUntilTimeout  0x08002bad   Thumb Code   150  stm32f1xx_hal_i2c.o(i.I2C_WaitOnMasterAddressFlagUntilTimeout)
    i.I2C_WaitOnRXNEFlagUntilTimeout         0x08002c42   Section        0  stm32f1xx_hal_i2c.o(i.I2C_WaitOnRXNEFlagUntilTimeout)
    I2C_WaitOnRXNEFlagUntilTimeout           0x08002c43   Thumb Code   102  stm32f1xx_hal_i2c.o(i.I2C_WaitOnRXNEFlagUntilTimeout)
    i.I2C_WaitOnTXEFlagUntilTimeout          0x08002ca8   Section        0  stm32f1xx_hal_i2c.o(i.I2C_WaitOnTXEFlagUntilTimeout)
    I2C_WaitOnTXEFlagUntilTimeout            0x08002ca9   Thumb Code    76  stm32f1xx_hal_i2c.o(i.I2C_WaitOnTXEFlagUntilTimeout)
    i.MX_CAN_Init                            0x08002cf4   Section        0  can.o(i.MX_CAN_Init)
    i.MX_GPIO_Init                           0x08002d38   Section        0  gpio.o(i.MX_GPIO_Init)
    i.MX_I2C1_Init                           0x08002de4   Section        0  i2c.o(i.MX_I2C1_Init)
    i.MX_I2C2_Init                           0x08002e24   Section        0  i2c.o(i.MX_I2C2_Init)
    i.MX_TIM2_Init                           0x08002e64   Section        0  tim.o(i.MX_TIM2_Init)
    i.MX_TIM3_Init                           0x08002ec8   Section        0  tim.o(i.MX_TIM3_Init)
    i.MemManage_Handler                      0x08002f70   Section        0  stm32f1xx_it.o(i.MemManage_Handler)
    i.NMI_Handler                            0x08002f72   Section        0  stm32f1xx_it.o(i.NMI_Handler)
    i.PendSV_Handler                         0x08002f74   Section        0  stm32f1xx_it.o(i.PendSV_Handler)
    i.SVC_Handler                            0x08002f76   Section        0  stm32f1xx_it.o(i.SVC_Handler)
    i.SysTick_Handler                        0x08002f78   Section        0  stm32f1xx_it.o(i.SysTick_Handler)
    i.SystemClock_Config                     0x08002f7c   Section        0  main.o(i.SystemClock_Config)
    i.SystemInit                             0x08002fda   Section        0  system_stm32f1xx.o(i.SystemInit)
    i.TIM2_IRQHandler                        0x08002fdc   Section        0  stm32f1xx_it.o(i.TIM2_IRQHandler)
    i.TIM3_IRQHandler                        0x08002fe8   Section        0  stm32f1xx_it.o(i.TIM3_IRQHandler)
    i.TIM_Base_SetConfig                     0x08002ff4   Section        0  stm32f1xx_hal_tim.o(i.TIM_Base_SetConfig)
    i.TIM_CCxChannelCmd                      0x08003060   Section        0  stm32f1xx_hal_tim.o(i.TIM_CCxChannelCmd)
    i.TIM_ETR_SetConfig                      0x0800307a   Section        0  stm32f1xx_hal_tim.o(i.TIM_ETR_SetConfig)
    i.TIM_ITRx_SetConfig                     0x0800308e   Section        0  stm32f1xx_hal_tim.o(i.TIM_ITRx_SetConfig)
    TIM_ITRx_SetConfig                       0x0800308f   Thumb Code    16  stm32f1xx_hal_tim.o(i.TIM_ITRx_SetConfig)
    i.TIM_OC1_SetConfig                      0x080030a0   Section        0  stm32f1xx_hal_tim.o(i.TIM_OC1_SetConfig)
    TIM_OC1_SetConfig                        0x080030a1   Thumb Code    74  stm32f1xx_hal_tim.o(i.TIM_OC1_SetConfig)
    i.TIM_OC2_SetConfig                      0x080030f0   Section        0  stm32f1xx_hal_tim.o(i.TIM_OC2_SetConfig)
    i.TIM_OC3_SetConfig                      0x08003148   Section        0  stm32f1xx_hal_tim.o(i.TIM_OC3_SetConfig)
    TIM_OC3_SetConfig                        0x08003149   Thumb Code    82  stm32f1xx_hal_tim.o(i.TIM_OC3_SetConfig)
    i.TIM_OC4_SetConfig                      0x080031a0   Section        0  stm32f1xx_hal_tim.o(i.TIM_OC4_SetConfig)
    TIM_OC4_SetConfig                        0x080031a1   Thumb Code    64  stm32f1xx_hal_tim.o(i.TIM_OC4_SetConfig)
    i.TIM_TI1_ConfigInputStage               0x080031e4   Section        0  stm32f1xx_hal_tim.o(i.TIM_TI1_ConfigInputStage)
    TIM_TI1_ConfigInputStage                 0x080031e5   Thumb Code    34  stm32f1xx_hal_tim.o(i.TIM_TI1_ConfigInputStage)
    i.TIM_TI2_ConfigInputStage               0x08003206   Section        0  stm32f1xx_hal_tim.o(i.TIM_TI2_ConfigInputStage)
    TIM_TI2_ConfigInputStage                 0x08003207   Thumb Code    36  stm32f1xx_hal_tim.o(i.TIM_TI2_ConfigInputStage)
    i.UsageFault_Handler                     0x0800322a   Section        0  stm32f1xx_it.o(i.UsageFault_Handler)
    i.__NVIC_SetPriority                     0x0800322c   Section        0  stm32f1xx_hal_cortex.o(i.__NVIC_SetPriority)
    __NVIC_SetPriority                       0x0800322d   Thumb Code    32  stm32f1xx_hal_cortex.o(i.__NVIC_SetPriority)
    i.main                                   0x0800324c   Section        0  main.o(i.main)
    x$fpl$dfltu                              0x080032d0   Section       38  dflt_clz.o(x$fpl$dfltu)
    .constdata                               0x080032f6   Section       16  system_stm32f1xx.o(.constdata)
    x$fpl$usenofp                            0x080032f6   Section        0  usenofp.o(x$fpl$usenofp)
    .constdata                               0x08003306   Section        8  system_stm32f1xx.o(.constdata)
    .data                                    0x20000000   Section       12  stm32f1xx_hal.o(.data)
    .data                                    0x2000000c   Section        4  system_stm32f1xx.o(.data)
    .bss                                     0x20000010   Section       48  main.o(.bss)
    .bss                                     0x20000040   Section       40  can.o(.bss)
    .bss                                     0x20000068   Section      168  i2c.o(.bss)
    .bss                                     0x20000110   Section      144  tim.o(.bss)
    .bss                                     0x200001a0   Section       96  libspace.o(.bss)
    HEAP                                     0x20000200   Section      512  startup_stm32f103xb.o(HEAP)
    Heap_Mem                                 0x20000200   Data         512  startup_stm32f103xb.o(HEAP)
    STACK                                    0x20000400   Section     1024  startup_stm32f103xb.o(STACK)
    Stack_Mem                                0x20000400   Data        1024  startup_stm32f103xb.o(STACK)
    __initial_sp                             0x20000800   Data           0  startup_stm32f103xb.o(STACK)

    Global Symbols

    Symbol Name                              Value     Ov Type        Size  Object(Section)

    BuildAttributes$$THM_ISAv4$P$D$K$B$S$PE$A:L22UL41UL21$X:L11$S22US41US21$IEEE1$IW$USESV6$~STKCKD$USESV7$~SHL$OSPACE$ROPI$EBA8$UX$STANDARDLIB$REQ8$PRES8$EABIv2 0x00000000   Number         0  anon$$obj.o ABSOLUTE
    __ARM_use_no_argv                        0x00000000   Number         0  main.o ABSOLUTE
    __ARM_exceptions_init                     - Undefined Weak Reference
    __alloca_initialize                       - Undefined Weak Reference
    __arm_fini_                               - Undefined Weak Reference
    __arm_preinit_                            - Undefined Weak Reference
    __cpp_initialize__aeabi_                  - Undefined Weak Reference
    __cxa_finalize                            - Undefined Weak Reference
    __rt_locale                               - Undefined Weak Reference
    __sigvec_lookup                           - Undefined Weak Reference
    _atexit_init                              - Undefined Weak Reference
    _call_atexit_fns                          - Undefined Weak Reference
    _clock_init                               - Undefined Weak Reference
    _fp_trap_init                             - Undefined Weak Reference
    _fp_trap_shutdown                         - Undefined Weak Reference
    _get_lc_collate                           - Undefined Weak Reference
    _get_lc_ctype                             - Undefined Weak Reference
    _get_lc_monetary                          - Undefined Weak Reference
    _get_lc_numeric                           - Undefined Weak Reference
    _get_lc_time                              - Undefined Weak Reference
    _getenv_init                              - Undefined Weak Reference
    _handle_redirection                       - Undefined Weak Reference
    _init_alloc                               - Undefined Weak Reference
    _init_user_alloc                          - Undefined Weak Reference
    _initio                                   - Undefined Weak Reference
    _rand_init                                - Undefined Weak Reference
    _signal_finish                            - Undefined Weak Reference
    _signal_init                              - Undefined Weak Reference
    _terminate_alloc                          - Undefined Weak Reference
    _terminate_user_alloc                     - Undefined Weak Reference
    _terminateio                              - Undefined Weak Reference
    __Vectors_Size                           0x000000ec   Number         0  startup_stm32f103xb.o ABSOLUTE
    __Vectors                                0x08000000   Data           4  startup_stm32f103xb.o(RESET)
    __Vectors_End                            0x080000ec   Data           0  startup_stm32f103xb.o(RESET)
    __main                                   0x080000ed   Thumb Code     8  __main.o(!!!main)
    __scatterload                            0x080000f5   Thumb Code     0  __scatter.o(!!!scatter)
    __scatterload_rt2                        0x080000f5   Thumb Code    44  __scatter.o(!!!scatter)
    __scatterload_rt2_thumb_only             0x080000f5   Thumb Code     0  __scatter.o(!!!scatter)
    __scatterload_null                       0x08000103   Thumb Code     0  __scatter.o(!!!scatter)
    __scatterload_copy                       0x08000129   Thumb Code    26  __scatter_copy.o(!!handler_copy)
    __scatterload_zeroinit                   0x08000145   Thumb Code    28  __scatter_zi.o(!!handler_zi)
    __rt_lib_init                            0x08000161   Thumb Code     0  libinit.o(.ARM.Collect$$libinit$$00000000)
    __rt_lib_init_alloca_1                   0x08000163   Thumb Code     0  libinit2.o(.ARM.Collect$$libinit$$0000002E)
    __rt_lib_init_argv_1                     0x08000163   Thumb Code     0  libinit2.o(.ARM.Collect$$libinit$$0000002C)
    __rt_lib_init_atexit_1                   0x08000163   Thumb Code     0  libinit2.o(.ARM.Collect$$libinit$$0000001B)
    __rt_lib_init_clock_1                    0x08000163   Thumb Code     0  libinit2.o(.ARM.Collect$$libinit$$00000021)
    __rt_lib_init_cpp_1                      0x08000163   Thumb Code     0  libinit2.o(.ARM.Collect$$libinit$$00000032)
    __rt_lib_init_exceptions_1               0x08000163   Thumb Code     0  libinit2.o(.ARM.Collect$$libinit$$00000030)
    __rt_lib_init_fp_1                       0x08000163   Thumb Code     0  libinit2.o(.ARM.Collect$$libinit$$00000002)
    __rt_lib_init_fp_trap_1                  0x08000163   Thumb Code     0  libinit2.o(.ARM.Collect$$libinit$$0000001F)
    __rt_lib_init_getenv_1                   0x08000163   Thumb Code     0  libinit2.o(.ARM.Collect$$libinit$$00000023)
    __rt_lib_init_heap_1                     0x08000163   Thumb Code     0  libinit2.o(.ARM.Collect$$libinit$$0000000A)
    __rt_lib_init_lc_collate_1               0x08000163   Thumb Code     0  libinit2.o(.ARM.Collect$$libinit$$00000011)
    __rt_lib_init_lc_ctype_1                 0x08000163   Thumb Code     0  libinit2.o(.ARM.Collect$$libinit$$00000013)
    __rt_lib_init_lc_monetary_1              0x08000163   Thumb Code     0  libinit2.o(.ARM.Collect$$libinit$$00000015)
    __rt_lib_init_lc_numeric_1               0x08000163   Thumb Code     0  libinit2.o(.ARM.Collect$$libinit$$00000017)
    __rt_lib_init_lc_time_1                  0x08000163   Thumb Code     0  libinit2.o(.ARM.Collect$$libinit$$00000019)
    __rt_lib_init_preinit_1                  0x08000163   Thumb Code     0  libinit2.o(.ARM.Collect$$libinit$$00000004)
    __rt_lib_init_rand_1                     0x08000163   Thumb Code     0  libinit2.o(.ARM.Collect$$libinit$$0000000E)
    __rt_lib_init_return                     0x08000163   Thumb Code     0  libinit2.o(.ARM.Collect$$libinit$$00000033)
    __rt_lib_init_signal_1                   0x08000163   Thumb Code     0  libinit2.o(.ARM.Collect$$libinit$$0000001D)
    __rt_lib_init_stdio_1                    0x08000163   Thumb Code     0  libinit2.o(.ARM.Collect$$libinit$$00000025)
    __rt_lib_init_user_alloc_1               0x08000163   Thumb Code     0  libinit2.o(.ARM.Collect$$libinit$$0000000C)
    __rt_lib_shutdown                        0x08000165   Thumb Code     0  libshutdown.o(.ARM.Collect$$libshutdown$$00000000)
    __rt_lib_shutdown_cpp_1                  0x08000167   Thumb Code     0  libshutdown2.o(.ARM.Collect$$libshutdown$$00000004)
    __rt_lib_shutdown_fini_1                 0x08000167   Thumb Code     0  libshutdown2.o(.ARM.Collect$$libshutdown$$00000002)
    __rt_lib_shutdown_fp_trap_1              0x08000167   Thumb Code     0  libshutdown2.o(.ARM.Collect$$libshutdown$$00000009)
    __rt_lib_shutdown_heap_1                 0x08000167   Thumb Code     0  libshutdown2.o(.ARM.Collect$$libshutdown$$00000011)
    __rt_lib_shutdown_return                 0x08000167   Thumb Code     0  libshutdown2.o(.ARM.Collect$$libshutdown$$00000012)
    __rt_lib_shutdown_signal_1               0x08000167   Thumb Code     0  libshutdown2.o(.ARM.Collect$$libshutdown$$0000000C)
    __rt_lib_shutdown_stdio_1                0x08000167   Thumb Code     0  libshutdown2.o(.ARM.Collect$$libshutdown$$00000006)
    __rt_lib_shutdown_user_alloc_1           0x08000167   Thumb Code     0  libshutdown2.o(.ARM.Collect$$libshutdown$$0000000E)
    __rt_entry                               0x08000169   Thumb Code     0  __rtentry.o(.ARM.Collect$$rtentry$$00000000)
    __rt_entry_presh_1                       0x08000169   Thumb Code     0  __rtentry2.o(.ARM.Collect$$rtentry$$00000002)
    __rt_entry_sh                            0x08000169   Thumb Code     0  __rtentry4.o(.ARM.Collect$$rtentry$$00000004)
    __rt_entry_li                            0x0800016f   Thumb Code     0  __rtentry2.o(.ARM.Collect$$rtentry$$0000000A)
    __rt_entry_postsh_1                      0x0800016f   Thumb Code     0  __rtentry2.o(.ARM.Collect$$rtentry$$00000009)
    __rt_entry_main                          0x08000173   Thumb Code     0  __rtentry2.o(.ARM.Collect$$rtentry$$0000000D)
    __rt_entry_postli_1                      0x08000173   Thumb Code     0  __rtentry2.o(.ARM.Collect$$rtentry$$0000000C)
    __rt_exit                                0x0800017b   Thumb Code     0  rtexit.o(.ARM.Collect$$rtexit$$00000000)
    __rt_exit_ls                             0x0800017d   Thumb Code     0  rtexit2.o(.ARM.Collect$$rtexit$$00000003)
    __rt_exit_prels_1                        0x0800017d   Thumb Code     0  rtexit2.o(.ARM.Collect$$rtexit$$00000002)
    __rt_exit_exit                           0x08000181   Thumb Code     0  rtexit2.o(.ARM.Collect$$rtexit$$00000004)
    Reset_Handler                            0x08000189   Thumb Code     8  startup_stm32f103xb.o(.text)
    ADC1_2_IRQHandler                        0x080001a3   Thumb Code     0  startup_stm32f103xb.o(.text)
    CAN1_SCE_IRQHandler                      0x080001a3   Thumb Code     0  startup_stm32f103xb.o(.text)
    DMA1_Channel1_IRQHandler                 0x080001a3   Thumb Code     0  startup_stm32f103xb.o(.text)
    DMA1_Channel2_IRQHandler                 0x080001a3   Thumb Code     0  startup_stm32f103xb.o(.text)
    DMA1_Channel3_IRQHandler                 0x080001a3   Thumb Code     0  startup_stm32f103xb.o(.text)
    DMA1_Channel4_IRQHandler                 0x080001a3   Thumb Code     0  startup_stm32f103xb.o(.text)
    DMA1_Channel5_IRQHandler                 0x080001a3   Thumb Code     0  startup_stm32f103xb.o(.text)
    DMA1_Channel6_IRQHandler                 0x080001a3   Thumb Code     0  startup_stm32f103xb.o(.text)
    DMA1_Channel7_IRQHandler                 0x080001a3   Thumb Code     0  startup_stm32f103xb.o(.text)
    EXTI0_IRQHandler                         0x080001a3   Thumb Code     0  startup_stm32f103xb.o(.text)
    EXTI15_10_IRQHandler                     0x080001a3   Thumb Code     0  startup_stm32f103xb.o(.text)
    EXTI1_IRQHandler                         0x080001a3   Thumb Code     0  startup_stm32f103xb.o(.text)
    EXTI2_IRQHandler                         0x080001a3   Thumb Code     0  startup_stm32f103xb.o(.text)
    EXTI3_IRQHandler                         0x080001a3   Thumb Code     0  startup_stm32f103xb.o(.text)
    EXTI4_IRQHandler                         0x080001a3   Thumb Code     0  startup_stm32f103xb.o(.text)
    EXTI9_5_IRQHandler                       0x080001a3   Thumb Code     0  startup_stm32f103xb.o(.text)
    FLASH_IRQHandler                         0x080001a3   Thumb Code     0  startup_stm32f103xb.o(.text)
    PVD_IRQHandler                           0x080001a3   Thumb Code     0  startup_stm32f103xb.o(.text)
    RCC_IRQHandler                           0x080001a3   Thumb Code     0  startup_stm32f103xb.o(.text)
    RTC_Alarm_IRQHandler                     0x080001a3   Thumb Code     0  startup_stm32f103xb.o(.text)
    RTC_IRQHandler                           0x080001a3   Thumb Code     0  startup_stm32f103xb.o(.text)
    SPI1_IRQHandler                          0x080001a3   Thumb Code     0  startup_stm32f103xb.o(.text)
    SPI2_IRQHandler                          0x080001a3   Thumb Code     0  startup_stm32f103xb.o(.text)
    TAMPER_IRQHandler                        0x080001a3   Thumb Code     0  startup_stm32f103xb.o(.text)
    TIM1_BRK_IRQHandler                      0x080001a3   Thumb Code     0  startup_stm32f103xb.o(.text)
    TIM1_CC_IRQHandler                       0x080001a3   Thumb Code     0  startup_stm32f103xb.o(.text)
    TIM1_TRG_COM_IRQHandler                  0x080001a3   Thumb Code     0  startup_stm32f103xb.o(.text)
    TIM1_UP_IRQHandler                       0x080001a3   Thumb Code     0  startup_stm32f103xb.o(.text)
    TIM4_IRQHandler                          0x080001a3   Thumb Code     0  startup_stm32f103xb.o(.text)
    USART1_IRQHandler                        0x080001a3   Thumb Code     0  startup_stm32f103xb.o(.text)
    USART2_IRQHandler                        0x080001a3   Thumb Code     0  startup_stm32f103xb.o(.text)
    USART3_IRQHandler                        0x080001a3   Thumb Code     0  startup_stm32f103xb.o(.text)
    USBWakeUp_IRQHandler                     0x080001a3   Thumb Code     0  startup_stm32f103xb.o(.text)
    USB_HP_CAN1_TX_IRQHandler                0x080001a3   Thumb Code     0  startup_stm32f103xb.o(.text)
    USB_LP_CAN1_RX0_IRQHandler               0x080001a3   Thumb Code     0  startup_stm32f103xb.o(.text)
    WWDG_IRQHandler                          0x080001a3   Thumb Code     0  startup_stm32f103xb.o(.text)
    __user_initial_stackheap                 0x080001a5   Thumb Code     0  startup_stm32f103xb.o(.text)
    __aeabi_memclr4                          0x080001c9   Thumb Code     0  rt_memclr_w.o(.text)
    __aeabi_memclr8                          0x080001c9   Thumb Code     0  rt_memclr_w.o(.text)
    __rt_memclr_w                            0x080001c9   Thumb Code    78  rt_memclr_w.o(.text)
    _memset_w                                0x080001cd   Thumb Code     0  rt_memclr_w.o(.text)
    __use_two_region_memory                  0x08000217   Thumb Code     2  heapauxi.o(.text)
    __rt_heap_escrow$2region                 0x08000219   Thumb Code     2  heapauxi.o(.text)
    __rt_heap_expand$2region                 0x0800021b   Thumb Code     2  heapauxi.o(.text)
    __user_setup_stackheap                   0x0800021d   Thumb Code    74  sys_stackheap_outer.o(.text)
    exit                                     0x08000267   Thumb Code    18  exit.o(.text)
    __user_libspace                          0x08000279   Thumb Code     8  libspace.o(.text)
    __user_perproc_libspace                  0x08000279   Thumb Code     0  libspace.o(.text)
    __user_perthread_libspace                0x08000279   Thumb Code     0  libspace.o(.text)
    _sys_exit                                0x08000281   Thumb Code     8  sys_exit.o(.text)
    __I$use$semihosting                      0x0800028d   Thumb Code     0  use_no_semi.o(.text)
    __use_no_semihosting_swi                 0x0800028d   Thumb Code     2  use_no_semi.o(.text)
    BusFault_Handler                         0x0800028f   Thumb Code     2  stm32f1xx_it.o(i.BusFault_Handler)
    __semihosting_library_function           0x0800028f   Thumb Code     0  indicate_semi.o(.text)
    CAN1_RX1_IRQHandler                      0x08000291   Thumb Code     6  stm32f1xx_it.o(i.CAN1_RX1_IRQHandler)
    DebugMon_Handler                         0x0800029d   Thumb Code     2  stm32f1xx_it.o(i.DebugMon_Handler)
    Error_Handler                            0x0800029f   Thumb Code     4  main.o(i.Error_Handler)
    HAL_CAN_ErrorCallback                    0x080002a3   Thumb Code     2  stm32f1xx_hal_can.o(i.HAL_CAN_ErrorCallback)
    HAL_CAN_IRQHandler                       0x080002a5   Thumb Code   508  stm32f1xx_hal_can.o(i.HAL_CAN_IRQHandler)
    HAL_CAN_Init                             0x080004a1   Thumb Code   282  stm32f1xx_hal_can.o(i.HAL_CAN_Init)
    HAL_CAN_MspInit                          0x080005bd   Thumb Code   130  can.o(i.HAL_CAN_MspInit)
    HAL_CAN_RxFifo0FullCallback              0x08000651   Thumb Code     2  stm32f1xx_hal_can.o(i.HAL_CAN_RxFifo0FullCallback)
    HAL_CAN_RxFifo0MsgPendingCallback        0x08000653   Thumb Code     2  stm32f1xx_hal_can.o(i.HAL_CAN_RxFifo0MsgPendingCallback)
    HAL_CAN_RxFifo1FullCallback              0x08000655   Thumb Code     2  stm32f1xx_hal_can.o(i.HAL_CAN_RxFifo1FullCallback)
    HAL_CAN_RxFifo1MsgPendingCallback        0x08000657   Thumb Code     2  stm32f1xx_hal_can.o(i.HAL_CAN_RxFifo1MsgPendingCallback)
    HAL_CAN_SleepCallback                    0x08000659   Thumb Code     2  stm32f1xx_hal_can.o(i.HAL_CAN_SleepCallback)
    HAL_CAN_TxMailbox0AbortCallback          0x0800065b   Thumb Code     2  stm32f1xx_hal_can.o(i.HAL_CAN_TxMailbox0AbortCallback)
    HAL_CAN_TxMailbox0CompleteCallback       0x0800065d   Thumb Code     2  stm32f1xx_hal_can.o(i.HAL_CAN_TxMailbox0CompleteCallback)
    HAL_CAN_TxMailbox1AbortCallback          0x0800065f   Thumb Code     2  stm32f1xx_hal_can.o(i.HAL_CAN_TxMailbox1AbortCallback)
    HAL_CAN_TxMailbox1CompleteCallback       0x08000661   Thumb Code     2  stm32f1xx_hal_can.o(i.HAL_CAN_TxMailbox1CompleteCallback)
    HAL_CAN_TxMailbox2AbortCallback          0x08000663   Thumb Code     2  stm32f1xx_hal_can.o(i.HAL_CAN_TxMailbox2AbortCallback)
    HAL_CAN_TxMailbox2CompleteCallback       0x08000665   Thumb Code     2  stm32f1xx_hal_can.o(i.HAL_CAN_TxMailbox2CompleteCallback)
    HAL_CAN_WakeUpFromRxMsgCallback          0x08000667   Thumb Code     2  stm32f1xx_hal_can.o(i.HAL_CAN_WakeUpFromRxMsgCallback)
    HAL_DMA_Abort_IT                         0x08000669   Thumb Code   148  stm32f1xx_hal_dma.o(i.HAL_DMA_Abort_IT)
    HAL_DMA_GetState                         0x08000701   Thumb Code     6  stm32f1xx_hal_dma.o(i.HAL_DMA_GetState)
    HAL_Delay                                0x08000709   Thumb Code    32  stm32f1xx_hal.o(i.HAL_Delay)
    HAL_GPIO_Init                            0x0800072d   Thumb Code   446  stm32f1xx_hal_gpio.o(i.HAL_GPIO_Init)
    HAL_GPIO_WritePin                        0x0800090d   Thumb Code    10  stm32f1xx_hal_gpio.o(i.HAL_GPIO_WritePin)
    HAL_GetTick                              0x08000919   Thumb Code     6  stm32f1xx_hal.o(i.HAL_GetTick)
    HAL_I2C_AbortCpltCallback                0x08000925   Thumb Code     2  stm32f1xx_hal_i2c.o(i.HAL_I2C_AbortCpltCallback)
    HAL_I2C_AddrCallback                     0x08000927   Thumb Code     2  stm32f1xx_hal_i2c.o(i.HAL_I2C_AddrCallback)
    HAL_I2C_ER_IRQHandler                    0x08000929   Thumb Code   196  stm32f1xx_hal_i2c.o(i.HAL_I2C_ER_IRQHandler)
    HAL_I2C_EV_IRQHandler                    0x080009ed   Thumb Code   560  stm32f1xx_hal_i2c.o(i.HAL_I2C_EV_IRQHandler)
    HAL_I2C_ErrorCallback                    0x08000c1d   Thumb Code     2  stm32f1xx_hal_i2c.o(i.HAL_I2C_ErrorCallback)
    HAL_I2C_Init                             0x08000c21   Thumb Code   376  stm32f1xx_hal_i2c.o(i.HAL_I2C_Init)
    HAL_I2C_ListenCpltCallback               0x08000da9   Thumb Code     2  stm32f1xx_hal_i2c.o(i.HAL_I2C_ListenCpltCallback)
    HAL_I2C_MasterRxCpltCallback             0x08000dab   Thumb Code     2  stm32f1xx_hal_i2c.o(i.HAL_I2C_MasterRxCpltCallback)
    HAL_I2C_MasterTxCpltCallback             0x08000dad   Thumb Code     2  stm32f1xx_hal_i2c.o(i.HAL_I2C_MasterTxCpltCallback)
    HAL_I2C_Master_Receive                   0x08000db1   Thumb Code   564  stm32f1xx_hal_i2c.o(i.HAL_I2C_Master_Receive)
    HAL_I2C_MemRxCpltCallback                0x08000ff5   Thumb Code     2  stm32f1xx_hal_i2c.o(i.HAL_I2C_MemRxCpltCallback)
    HAL_I2C_MemTxCpltCallback                0x08000ff7   Thumb Code     2  stm32f1xx_hal_i2c.o(i.HAL_I2C_MemTxCpltCallback)
    HAL_I2C_Mem_Read                         0x08000ff9   Thumb Code   574  stm32f1xx_hal_i2c.o(i.HAL_I2C_Mem_Read)
    HAL_I2C_MspInit                          0x08001249   Thumb Code   196  i2c.o(i.HAL_I2C_MspInit)
    HAL_I2C_SlaveRxCpltCallback              0x0800131d   Thumb Code     2  stm32f1xx_hal_i2c.o(i.HAL_I2C_SlaveRxCpltCallback)
    HAL_I2C_SlaveTxCpltCallback              0x0800131f   Thumb Code     2  stm32f1xx_hal_i2c.o(i.HAL_I2C_SlaveTxCpltCallback)
    HAL_IncTick                              0x08001321   Thumb Code    12  stm32f1xx_hal.o(i.HAL_IncTick)
    HAL_Init                                 0x08001331   Thumb Code    32  stm32f1xx_hal.o(i.HAL_Init)
    HAL_InitTick                             0x08001355   Thumb Code    54  stm32f1xx_hal.o(i.HAL_InitTick)
    HAL_MspInit                              0x08001395   Thumb Code    52  stm32f1xx_hal_msp.o(i.HAL_MspInit)
    HAL_NVIC_EnableIRQ                       0x080013d1   Thumb Code    26  stm32f1xx_hal_cortex.o(i.HAL_NVIC_EnableIRQ)
    HAL_NVIC_SetPriority                     0x080013ed   Thumb Code    60  stm32f1xx_hal_cortex.o(i.HAL_NVIC_SetPriority)
    HAL_NVIC_SetPriorityGrouping             0x0800142d   Thumb Code    26  stm32f1xx_hal_cortex.o(i.HAL_NVIC_SetPriorityGrouping)
    HAL_RCC_ClockConfig                      0x08001451   Thumb Code   280  stm32f1xx_hal_rcc.o(i.HAL_RCC_ClockConfig)
    HAL_RCC_GetPCLK1Freq                     0x0800157d   Thumb Code    20  stm32f1xx_hal_rcc.o(i.HAL_RCC_GetPCLK1Freq)
    HAL_RCC_GetSysClockFreq                  0x0800159d   Thumb Code    74  stm32f1xx_hal_rcc.o(i.HAL_RCC_GetSysClockFreq)
    HAL_RCC_OscConfig                        0x08001609   Thumb Code   778  stm32f1xx_hal_rcc.o(i.HAL_RCC_OscConfig)
    HAL_SYSTICK_Config                       0x08001929   Thumb Code    40  stm32f1xx_hal_cortex.o(i.HAL_SYSTICK_Config)
    HAL_TIMEx_BreakCallback                  0x08001951   Thumb Code     2  stm32f1xx_hal_tim_ex.o(i.HAL_TIMEx_BreakCallback)
    HAL_TIMEx_CommutCallback                 0x08001953   Thumb Code     2  stm32f1xx_hal_tim_ex.o(i.HAL_TIMEx_CommutCallback)
    HAL_TIMEx_MasterConfigSynchronization    0x08001955   Thumb Code    92  stm32f1xx_hal_tim_ex.o(i.HAL_TIMEx_MasterConfigSynchronization)
    HAL_TIM_Base_Init                        0x080019bd   Thumb Code    90  stm32f1xx_hal_tim.o(i.HAL_TIM_Base_Init)
    HAL_TIM_Base_MspInit                     0x08001a19   Thumb Code    86  tim.o(i.HAL_TIM_Base_MspInit)
    HAL_TIM_Base_Start                       0x08001a79   Thumb Code    66  stm32f1xx_hal_tim.o(i.HAL_TIM_Base_Start)
    HAL_TIM_ConfigClockSource                0x08001ac9   Thumb Code   214  stm32f1xx_hal_tim.o(i.HAL_TIM_ConfigClockSource)
    HAL_TIM_IC_CaptureCallback               0x08001b9f   Thumb Code     2  stm32f1xx_hal_tim.o(i.HAL_TIM_IC_CaptureCallback)
    HAL_TIM_IRQHandler                       0x08001ba1   Thumb Code   358  stm32f1xx_hal_tim.o(i.HAL_TIM_IRQHandler)
    HAL_TIM_MspPostInit                      0x08001d09   Thumb Code    94  tim.o(i.HAL_TIM_MspPostInit)
    HAL_TIM_OC_DelayElapsedCallback          0x08001d7d   Thumb Code     2  stm32f1xx_hal_tim.o(i.HAL_TIM_OC_DelayElapsedCallback)
    HAL_TIM_PWM_ConfigChannel                0x08001d7f   Thumb Code   198  stm32f1xx_hal_tim.o(i.HAL_TIM_PWM_ConfigChannel)
    HAL_TIM_PWM_Init                         0x08001e45   Thumb Code    90  stm32f1xx_hal_tim.o(i.HAL_TIM_PWM_Init)
    HAL_TIM_PWM_MspInit                      0x08001e9f   Thumb Code     2  stm32f1xx_hal_tim.o(i.HAL_TIM_PWM_MspInit)
    HAL_TIM_PWM_PulseFinishedCallback        0x08001ea1   Thumb Code     2  stm32f1xx_hal_tim.o(i.HAL_TIM_PWM_PulseFinishedCallback)
    HAL_TIM_PWM_Start                        0x08001ea5   Thumb Code   144  stm32f1xx_hal_tim.o(i.HAL_TIM_PWM_Start)
    HAL_TIM_PeriodElapsedCallback            0x08001f41   Thumb Code     2  stm32f1xx_hal_tim.o(i.HAL_TIM_PeriodElapsedCallback)
    HAL_TIM_TriggerCallback                  0x08001f43   Thumb Code     2  stm32f1xx_hal_tim.o(i.HAL_TIM_TriggerCallback)
    HardFault_Handler                        0x08001f45   Thumb Code     2  stm32f1xx_it.o(i.HardFault_Handler)
    I2C1_ER_IRQHandler                       0x08001f49   Thumb Code     6  stm32f1xx_it.o(i.I2C1_ER_IRQHandler)
    I2C1_EV_IRQHandler                       0x08001f55   Thumb Code     6  stm32f1xx_it.o(i.I2C1_EV_IRQHandler)
    I2C2_ER_IRQHandler                       0x08001f61   Thumb Code     6  stm32f1xx_it.o(i.I2C2_ER_IRQHandler)
    I2C2_EV_IRQHandler                       0x08001f6d   Thumb Code     6  stm32f1xx_it.o(i.I2C2_EV_IRQHandler)
    MX_CAN_Init                              0x08002cf5   Thumb Code    60  can.o(i.MX_CAN_Init)
    MX_GPIO_Init                             0x08002d39   Thumb Code   158  gpio.o(i.MX_GPIO_Init)
    MX_I2C1_Init                             0x08002de5   Thumb Code    50  i2c.o(i.MX_I2C1_Init)
    MX_I2C2_Init                             0x08002e25   Thumb Code    50  i2c.o(i.MX_I2C2_Init)
    MX_TIM2_Init                             0x08002e65   Thumb Code    94  tim.o(i.MX_TIM2_Init)
    MX_TIM3_Init                             0x08002ec9   Thumb Code   160  tim.o(i.MX_TIM3_Init)
    MemManage_Handler                        0x08002f71   Thumb Code     2  stm32f1xx_it.o(i.MemManage_Handler)
    NMI_Handler                              0x08002f73   Thumb Code     2  stm32f1xx_it.o(i.NMI_Handler)
    PendSV_Handler                           0x08002f75   Thumb Code     2  stm32f1xx_it.o(i.PendSV_Handler)
    SVC_Handler                              0x08002f77   Thumb Code     2  stm32f1xx_it.o(i.SVC_Handler)
    SysTick_Handler                          0x08002f79   Thumb Code     4  stm32f1xx_it.o(i.SysTick_Handler)
    SystemClock_Config                       0x08002f7d   Thumb Code    94  main.o(i.SystemClock_Config)
    SystemInit                               0x08002fdb   Thumb Code     2  system_stm32f1xx.o(i.SystemInit)
    TIM2_IRQHandler                          0x08002fdd   Thumb Code     6  stm32f1xx_it.o(i.TIM2_IRQHandler)
    TIM3_IRQHandler                          0x08002fe9   Thumb Code     6  stm32f1xx_it.o(i.TIM3_IRQHandler)
    TIM_Base_SetConfig                       0x08002ff5   Thumb Code    94  stm32f1xx_hal_tim.o(i.TIM_Base_SetConfig)
    TIM_CCxChannelCmd                        0x08003061   Thumb Code    26  stm32f1xx_hal_tim.o(i.TIM_CCxChannelCmd)
    TIM_ETR_SetConfig                        0x0800307b   Thumb Code    20  stm32f1xx_hal_tim.o(i.TIM_ETR_SetConfig)
    TIM_OC2_SetConfig                        0x080030f1   Thumb Code    84  stm32f1xx_hal_tim.o(i.TIM_OC2_SetConfig)
    UsageFault_Handler                       0x0800322b   Thumb Code     2  stm32f1xx_it.o(i.UsageFault_Handler)
    main                                     0x0800324d   Thumb Code   122  main.o(i.main)
    __aeabi_ui2d                             0x080032d1   Thumb Code     0  dflt_clz.o(x$fpl$dfltu)
    _dfltu                                   0x080032d1   Thumb Code    38  dflt_clz.o(x$fpl$dfltu)
    AHBPrescTable                            0x080032f6   Data          16  system_stm32f1xx.o(.constdata)
    __I$use$fp                               0x080032f6   Number         0  usenofp.o(x$fpl$usenofp)
    APBPrescTable                            0x08003306   Data           8  system_stm32f1xx.o(.constdata)
    Region$$Table$$Base                      0x08003310   Number         0  anon$$obj.o(Region$$Table)
    Region$$Table$$Limit                     0x08003330   Number         0  anon$$obj.o(Region$$Table)
    uwTickFreq                               0x20000000   Data           1  stm32f1xx_hal.o(.data)
    uwTickPrio                               0x20000004   Data           4  stm32f1xx_hal.o(.data)
    uwTick                                   0x20000008   Data           4  stm32f1xx_hal.o(.data)
    SystemCoreClock                          0x2000000c   Data           4  system_stm32f1xx.o(.data)
    INA226                                   0x20000010   Data          48  main.o(.bss)
    hcan                                     0x20000040   Data          40  can.o(.bss)
    hi2c1                                    0x20000068   Data          84  i2c.o(.bss)
    hi2c2                                    0x200000bc   Data          84  i2c.o(.bss)
    htim2                                    0x20000110   Data          72  tim.o(.bss)
    htim3                                    0x20000158   Data          72  tim.o(.bss)
    __libspace_start                         0x200001a0   Data          96  libspace.o(.bss)
    __temporary_stack_top$libspace           0x20000200   Data           0  libspace.o(.bss)



==============================================================================

Memory Map of the image

  Image Entry point : 0x080000ed

  Load Region LR_IROM1 (Base: 0x08000000, Size: 0x00003340, Max: 0x00010000, ABSOLUTE)

    Execution Region ER_IROM1 (Exec base: 0x08000000, Load base: 0x08000000, Size: 0x00003330, Max: 0x00010000, ABSOLUTE)

    Exec Addr    Load Addr    Size         Type   Attr      Idx    E Section Name        Object

    0x08000000   0x08000000   0x000000ec   Data   RO            3    RESET               startup_stm32f103xb.o
    0x080000ec   0x080000ec   0x00000008   Code   RO         3164  * !!!main             c_w.l(__main.o)
    0x080000f4   0x080000f4   0x00000034   Code   RO         3330    !!!scatter          c_w.l(__scatter.o)
    0x08000128   0x08000128   0x0000001a   Code   RO         3332    !!handler_copy      c_w.l(__scatter_copy.o)
    0x08000142   0x08000142   0x00000002   PAD
    0x08000144   0x08000144   0x0000001c   Code   RO         3334    !!handler_zi        c_w.l(__scatter_zi.o)
    0x08000160   0x08000160   0x00000002   Code   RO         3198    .ARM.Collect$$libinit$$00000000  c_w.l(libinit.o)
    0x08000162   0x08000162   0x00000000   Code   RO         3205    .ARM.Collect$$libinit$$00000002  c_w.l(libinit2.o)
    0x08000162   0x08000162   0x00000000   Code   RO         3207    .ARM.Collect$$libinit$$00000004  c_w.l(libinit2.o)
    0x08000162   0x08000162   0x00000000   Code   RO         3210    .ARM.Collect$$libinit$$0000000A  c_w.l(libinit2.o)
    0x08000162   0x08000162   0x00000000   Code   RO         3212    .ARM.Collect$$libinit$$0000000C  c_w.l(libinit2.o)
    0x08000162   0x08000162   0x00000000   Code   RO         3214    .ARM.Collect$$libinit$$0000000E  c_w.l(libinit2.o)
    0x08000162   0x08000162   0x00000000   Code   RO         3217    .ARM.Collect$$libinit$$00000011  c_w.l(libinit2.o)
    0x08000162   0x08000162   0x00000000   Code   RO         3219    .ARM.Collect$$libinit$$00000013  c_w.l(libinit2.o)
    0x08000162   0x08000162   0x00000000   Code   RO         3221    .ARM.Collect$$libinit$$00000015  c_w.l(libinit2.o)
    0x08000162   0x08000162   0x00000000   Code   RO         3223    .ARM.Collect$$libinit$$00000017  c_w.l(libinit2.o)
    0x08000162   0x08000162   0x00000000   Code   RO         3225    .ARM.Collect$$libinit$$00000019  c_w.l(libinit2.o)
    0x08000162   0x08000162   0x00000000   Code   RO         3227    .ARM.Collect$$libinit$$0000001B  c_w.l(libinit2.o)
    0x08000162   0x08000162   0x00000000   Code   RO         3229    .ARM.Collect$$libinit$$0000001D  c_w.l(libinit2.o)
    0x08000162   0x08000162   0x00000000   Code   RO         3231    .ARM.Collect$$libinit$$0000001F  c_w.l(libinit2.o)
    0x08000162   0x08000162   0x00000000   Code   RO         3233    .ARM.Collect$$libinit$$00000021  c_w.l(libinit2.o)
    0x08000162   0x08000162   0x00000000   Code   RO         3235    .ARM.Collect$$libinit$$00000023  c_w.l(libinit2.o)
    0x08000162   0x08000162   0x00000000   Code   RO         3237    .ARM.Collect$$libinit$$00000025  c_w.l(libinit2.o)
    0x08000162   0x08000162   0x00000000   Code   RO         3241    .ARM.Collect$$libinit$$0000002C  c_w.l(libinit2.o)
    0x08000162   0x08000162   0x00000000   Code   RO         3243    .ARM.Collect$$libinit$$0000002E  c_w.l(libinit2.o)
    0x08000162   0x08000162   0x00000000   Code   RO         3245    .ARM.Collect$$libinit$$00000030  c_w.l(libinit2.o)
    0x08000162   0x08000162   0x00000000   Code   RO         3247    .ARM.Collect$$libinit$$00000032  c_w.l(libinit2.o)
    0x08000162   0x08000162   0x00000002   Code   RO         3248    .ARM.Collect$$libinit$$00000033  c_w.l(libinit2.o)
    0x08000164   0x08000164   0x00000002   Code   RO         3268    .ARM.Collect$$libshutdown$$00000000  c_w.l(libshutdown.o)
    0x08000166   0x08000166   0x00000000   Code   RO         3281    .ARM.Collect$$libshutdown$$00000002  c_w.l(libshutdown2.o)
    0x08000166   0x08000166   0x00000000   Code   RO         3283    .ARM.Collect$$libshutdown$$00000004  c_w.l(libshutdown2.o)
    0x08000166   0x08000166   0x00000000   Code   RO         3285    .ARM.Collect$$libshutdown$$00000006  c_w.l(libshutdown2.o)
    0x08000166   0x08000166   0x00000000   Code   RO         3288    .ARM.Collect$$libshutdown$$00000009  c_w.l(libshutdown2.o)
    0x08000166   0x08000166   0x00000000   Code   RO         3291    .ARM.Collect$$libshutdown$$0000000C  c_w.l(libshutdown2.o)
    0x08000166   0x08000166   0x00000000   Code   RO         3293    .ARM.Collect$$libshutdown$$0000000E  c_w.l(libshutdown2.o)
    0x08000166   0x08000166   0x00000000   Code   RO         3296    .ARM.Collect$$libshutdown$$00000011  c_w.l(libshutdown2.o)
    0x08000166   0x08000166   0x00000002   Code   RO         3297    .ARM.Collect$$libshutdown$$00000012  c_w.l(libshutdown2.o)
    0x08000168   0x08000168   0x00000000   Code   RO         3172    .ARM.Collect$$rtentry$$00000000  c_w.l(__rtentry.o)
    0x08000168   0x08000168   0x00000000   Code   RO         3175    .ARM.Collect$$rtentry$$00000002  c_w.l(__rtentry2.o)
    0x08000168   0x08000168   0x00000006   Code   RO         3187    .ARM.Collect$$rtentry$$00000004  c_w.l(__rtentry4.o)
    0x0800016e   0x0800016e   0x00000000   Code   RO         3177    .ARM.Collect$$rtentry$$00000009  c_w.l(__rtentry2.o)
    0x0800016e   0x0800016e   0x00000004   Code   RO         3178    .ARM.Collect$$rtentry$$0000000A  c_w.l(__rtentry2.o)
    0x08000172   0x08000172   0x00000000   Code   RO         3180    .ARM.Collect$$rtentry$$0000000C  c_w.l(__rtentry2.o)
    0x08000172   0x08000172   0x00000008   Code   RO         3181    .ARM.Collect$$rtentry$$0000000D  c_w.l(__rtentry2.o)
    0x0800017a   0x0800017a   0x00000002   Code   RO         3202    .ARM.Collect$$rtexit$$00000000  c_w.l(rtexit.o)
    0x0800017c   0x0800017c   0x00000000   Code   RO         3250    .ARM.Collect$$rtexit$$00000002  c_w.l(rtexit2.o)
    0x0800017c   0x0800017c   0x00000004   Code   RO         3251    .ARM.Collect$$rtexit$$00000003  c_w.l(rtexit2.o)
    0x08000180   0x08000180   0x00000006   Code   RO         3252    .ARM.Collect$$rtexit$$00000004  c_w.l(rtexit2.o)
    0x08000186   0x08000186   0x00000002   PAD
    0x08000188   0x08000188   0x00000040   Code   RO            4    .text               startup_stm32f103xb.o
    0x080001c8   0x080001c8   0x0000004e   Code   RO         3160    .text               c_w.l(rt_memclr_w.o)
    0x08000216   0x08000216   0x00000006   Code   RO         3162    .text               c_w.l(heapauxi.o)
    0x0800021c   0x0800021c   0x0000004a   Code   RO         3189    .text               c_w.l(sys_stackheap_outer.o)
    0x08000266   0x08000266   0x00000012   Code   RO         3191    .text               c_w.l(exit.o)
    0x08000278   0x08000278   0x00000008   Code   RO         3199    .text               c_w.l(libspace.o)
    0x08000280   0x08000280   0x0000000c   Code   RO         3260    .text               c_w.l(sys_exit.o)
    0x0800028c   0x0800028c   0x00000002   Code   RO         3271    .text               c_w.l(use_no_semi.o)
    0x0800028e   0x0800028e   0x00000000   Code   RO         3273    .text               c_w.l(indicate_semi.o)
    0x0800028e   0x0800028e   0x00000002   Code   RO          329    i.BusFault_Handler  stm32f1xx_it.o
    0x08000290   0x08000290   0x0000000c   Code   RO          330    i.CAN1_RX1_IRQHandler  stm32f1xx_it.o
    0x0800029c   0x0800029c   0x00000002   Code   RO          331    i.DebugMon_Handler  stm32f1xx_it.o
    0x0800029e   0x0800029e   0x00000004   Code   RO           13    i.Error_Handler     main.o
    0x080002a2   0x080002a2   0x00000002   Code   RO          513    i.HAL_CAN_ErrorCallback  stm32f1xx_hal_can.o
    0x080002a4   0x080002a4   0x000001fc   Code   RO          520    i.HAL_CAN_IRQHandler  stm32f1xx_hal_can.o
    0x080004a0   0x080004a0   0x0000011a   Code   RO          521    i.HAL_CAN_Init      stm32f1xx_hal_can.o
    0x080005ba   0x080005ba   0x00000002   PAD
    0x080005bc   0x080005bc   0x00000094   Code   RO          186    i.HAL_CAN_MspInit   can.o
    0x08000650   0x08000650   0x00000002   Code   RO          528    i.HAL_CAN_RxFifo0FullCallback  stm32f1xx_hal_can.o
    0x08000652   0x08000652   0x00000002   Code   RO          529    i.HAL_CAN_RxFifo0MsgPendingCallback  stm32f1xx_hal_can.o
    0x08000654   0x08000654   0x00000002   Code   RO          530    i.HAL_CAN_RxFifo1FullCallback  stm32f1xx_hal_can.o
    0x08000656   0x08000656   0x00000002   Code   RO          531    i.HAL_CAN_RxFifo1MsgPendingCallback  stm32f1xx_hal_can.o
    0x08000658   0x08000658   0x00000002   Code   RO          532    i.HAL_CAN_SleepCallback  stm32f1xx_hal_can.o
    0x0800065a   0x0800065a   0x00000002   Code   RO          535    i.HAL_CAN_TxMailbox0AbortCallback  stm32f1xx_hal_can.o
    0x0800065c   0x0800065c   0x00000002   Code   RO          536    i.HAL_CAN_TxMailbox0CompleteCallback  stm32f1xx_hal_can.o
    0x0800065e   0x0800065e   0x00000002   Code   RO          537    i.HAL_CAN_TxMailbox1AbortCallback  stm32f1xx_hal_can.o
    0x08000660   0x08000660   0x00000002   Code   RO          538    i.HAL_CAN_TxMailbox1CompleteCallback  stm32f1xx_hal_can.o
    0x08000662   0x08000662   0x00000002   Code   RO          539    i.HAL_CAN_TxMailbox2AbortCallback  stm32f1xx_hal_can.o
    0x08000664   0x08000664   0x00000002   Code   RO          540    i.HAL_CAN_TxMailbox2CompleteCallback  stm32f1xx_hal_can.o
    0x08000666   0x08000666   0x00000002   Code   RO          542    i.HAL_CAN_WakeUpFromRxMsgCallback  stm32f1xx_hal_can.o
    0x08000668   0x08000668   0x00000098   Code   RO         1121    i.HAL_DMA_Abort_IT  stm32f1xx_hal_dma.o
    0x08000700   0x08000700   0x00000006   Code   RO         1124    i.HAL_DMA_GetState  stm32f1xx_hal_dma.o
    0x08000706   0x08000706   0x00000002   PAD
    0x08000708   0x08000708   0x00000024   Code   RO          748    i.HAL_Delay         stm32f1xx_hal.o
    0x0800072c   0x0800072c   0x000001e0   Code   RO         1056    i.HAL_GPIO_Init     stm32f1xx_hal_gpio.o
    0x0800090c   0x0800090c   0x0000000a   Code   RO         1060    i.HAL_GPIO_WritePin  stm32f1xx_hal_gpio.o
    0x08000916   0x08000916   0x00000002   PAD
    0x08000918   0x08000918   0x0000000c   Code   RO          752    i.HAL_GetTick       stm32f1xx_hal.o
    0x08000924   0x08000924   0x00000002   Code   RO         1716    i.HAL_I2C_AbortCpltCallback  stm32f1xx_hal_i2c.o
    0x08000926   0x08000926   0x00000002   Code   RO         1717    i.HAL_I2C_AddrCallback  stm32f1xx_hal_i2c.o
    0x08000928   0x08000928   0x000000c4   Code   RO         1720    i.HAL_I2C_ER_IRQHandler  stm32f1xx_hal_i2c.o
    0x080009ec   0x080009ec   0x00000230   Code   RO         1721    i.HAL_I2C_EV_IRQHandler  stm32f1xx_hal_i2c.o
    0x08000c1c   0x08000c1c   0x00000002   Code   RO         1723    i.HAL_I2C_ErrorCallback  stm32f1xx_hal_i2c.o
    0x08000c1e   0x08000c1e   0x00000002   PAD
    0x08000c20   0x08000c20   0x00000188   Code   RO         1727    i.HAL_I2C_Init      stm32f1xx_hal_i2c.o
    0x08000da8   0x08000da8   0x00000002   Code   RO         1729    i.HAL_I2C_ListenCpltCallback  stm32f1xx_hal_i2c.o
    0x08000daa   0x08000daa   0x00000002   Code   RO         1730    i.HAL_I2C_MasterRxCpltCallback  stm32f1xx_hal_i2c.o
    0x08000dac   0x08000dac   0x00000002   Code   RO         1731    i.HAL_I2C_MasterTxCpltCallback  stm32f1xx_hal_i2c.o
    0x08000dae   0x08000dae   0x00000002   PAD
    0x08000db0   0x08000db0   0x00000244   Code   RO         1733    i.HAL_I2C_Master_Receive  stm32f1xx_hal_i2c.o
    0x08000ff4   0x08000ff4   0x00000002   Code   RO         1743    i.HAL_I2C_MemRxCpltCallback  stm32f1xx_hal_i2c.o
    0x08000ff6   0x08000ff6   0x00000002   Code   RO         1744    i.HAL_I2C_MemTxCpltCallback  stm32f1xx_hal_i2c.o
    0x08000ff8   0x08000ff8   0x00000250   Code   RO         1745    i.HAL_I2C_Mem_Read  stm32f1xx_hal_i2c.o
    0x08001248   0x08001248   0x000000d4   Code   RO          228    i.HAL_I2C_MspInit   i2c.o
    0x0800131c   0x0800131c   0x00000002   Code   RO         1753    i.HAL_I2C_SlaveRxCpltCallback  stm32f1xx_hal_i2c.o
    0x0800131e   0x0800131e   0x00000002   Code   RO         1754    i.HAL_I2C_SlaveTxCpltCallback  stm32f1xx_hal_i2c.o
    0x08001320   0x08001320   0x00000010   Code   RO          758    i.HAL_IncTick       stm32f1xx_hal.o
    0x08001330   0x08001330   0x00000024   Code   RO          759    i.HAL_Init          stm32f1xx_hal.o
    0x08001354   0x08001354   0x00000040   Code   RO          760    i.HAL_InitTick      stm32f1xx_hal.o
    0x08001394   0x08001394   0x0000003c   Code   RO          447    i.HAL_MspInit       stm32f1xx_hal_msp.o
    0x080013d0   0x080013d0   0x0000001a   Code   RO         1216    i.HAL_NVIC_EnableIRQ  stm32f1xx_hal_cortex.o
    0x080013ea   0x080013ea   0x00000002   PAD
    0x080013ec   0x080013ec   0x00000040   Code   RO         1222    i.HAL_NVIC_SetPriority  stm32f1xx_hal_cortex.o
    0x0800142c   0x0800142c   0x00000024   Code   RO         1223    i.HAL_NVIC_SetPriorityGrouping  stm32f1xx_hal_cortex.o
    0x08001450   0x08001450   0x0000012c   Code   RO          916    i.HAL_RCC_ClockConfig  stm32f1xx_hal_rcc.o
    0x0800157c   0x0800157c   0x00000020   Code   RO          923    i.HAL_RCC_GetPCLK1Freq  stm32f1xx_hal_rcc.o
    0x0800159c   0x0800159c   0x0000006c   Code   RO          925    i.HAL_RCC_GetSysClockFreq  stm32f1xx_hal_rcc.o
    0x08001608   0x08001608   0x00000320   Code   RO          928    i.HAL_RCC_OscConfig  stm32f1xx_hal_rcc.o
    0x08001928   0x08001928   0x00000028   Code   RO         1227    i.HAL_SYSTICK_Config  stm32f1xx_hal_cortex.o
    0x08001950   0x08001950   0x00000002   Code   RO         2854    i.HAL_TIMEx_BreakCallback  stm32f1xx_hal_tim_ex.o
    0x08001952   0x08001952   0x00000002   Code   RO         2855    i.HAL_TIMEx_CommutCallback  stm32f1xx_hal_tim_ex.o
    0x08001954   0x08001954   0x00000068   Code   RO         2873    i.HAL_TIMEx_MasterConfigSynchronization  stm32f1xx_hal_tim_ex.o
    0x080019bc   0x080019bc   0x0000005a   Code   RO         2150    i.HAL_TIM_Base_Init  stm32f1xx_hal_tim.o
    0x08001a16   0x08001a16   0x00000002   PAD
    0x08001a18   0x08001a18   0x00000060   Code   RO          276    i.HAL_TIM_Base_MspInit  tim.o
    0x08001a78   0x08001a78   0x00000050   Code   RO         2153    i.HAL_TIM_Base_Start  stm32f1xx_hal_tim.o
    0x08001ac8   0x08001ac8   0x000000d6   Code   RO         2159    i.HAL_TIM_ConfigClockSource  stm32f1xx_hal_tim.o
    0x08001b9e   0x08001b9e   0x00000002   Code   RO         2184    i.HAL_TIM_IC_CaptureCallback  stm32f1xx_hal_tim.o
    0x08001ba0   0x08001ba0   0x00000166   Code   RO         2198    i.HAL_TIM_IRQHandler  stm32f1xx_hal_tim.o
    0x08001d06   0x08001d06   0x00000002   PAD
    0x08001d08   0x08001d08   0x00000074   Code   RO          277    i.HAL_TIM_MspPostInit  tim.o
    0x08001d7c   0x08001d7c   0x00000002   Code   RO         2201    i.HAL_TIM_OC_DelayElapsedCallback  stm32f1xx_hal_tim.o
    0x08001d7e   0x08001d7e   0x000000c6   Code   RO         2222    i.HAL_TIM_PWM_ConfigChannel  stm32f1xx_hal_tim.o
    0x08001e44   0x08001e44   0x0000005a   Code   RO         2225    i.HAL_TIM_PWM_Init  stm32f1xx_hal_tim.o
    0x08001e9e   0x08001e9e   0x00000002   Code   RO         2227    i.HAL_TIM_PWM_MspInit  stm32f1xx_hal_tim.o
    0x08001ea0   0x08001ea0   0x00000002   Code   RO         2228    i.HAL_TIM_PWM_PulseFinishedCallback  stm32f1xx_hal_tim.o
    0x08001ea2   0x08001ea2   0x00000002   PAD
    0x08001ea4   0x08001ea4   0x0000009c   Code   RO         2230    i.HAL_TIM_PWM_Start  stm32f1xx_hal_tim.o
    0x08001f40   0x08001f40   0x00000002   Code   RO         2236    i.HAL_TIM_PeriodElapsedCallback  stm32f1xx_hal_tim.o
    0x08001f42   0x08001f42   0x00000002   Code   RO         2241    i.HAL_TIM_TriggerCallback  stm32f1xx_hal_tim.o
    0x08001f44   0x08001f44   0x00000002   Code   RO          332    i.HardFault_Handler  stm32f1xx_it.o
    0x08001f46   0x08001f46   0x00000002   PAD
    0x08001f48   0x08001f48   0x0000000c   Code   RO          333    i.I2C1_ER_IRQHandler  stm32f1xx_it.o
    0x08001f54   0x08001f54   0x0000000c   Code   RO          334    i.I2C1_EV_IRQHandler  stm32f1xx_it.o
    0x08001f60   0x08001f60   0x0000000c   Code   RO          335    i.I2C2_ER_IRQHandler  stm32f1xx_it.o
    0x08001f6c   0x08001f6c   0x0000000c   Code   RO          336    i.I2C2_EV_IRQHandler  stm32f1xx_it.o
    0x08001f78   0x08001f78   0x000000bc   Code   RO         1765    i.I2C_DMAAbort      stm32f1xx_hal_i2c.o
    0x08002034   0x08002034   0x00000158   Code   RO         1768    i.I2C_ITError       stm32f1xx_hal_i2c.o
    0x0800218c   0x0800218c   0x0000002e   Code   RO         1769    i.I2C_IsAcknowledgeFailed  stm32f1xx_hal_i2c.o
    0x080021ba   0x080021ba   0x000000d2   Code   RO         1770    i.I2C_MasterReceive_BTF  stm32f1xx_hal_i2c.o
    0x0800228c   0x0800228c   0x000000e8   Code   RO         1771    i.I2C_MasterReceive_RXNE  stm32f1xx_hal_i2c.o
    0x08002374   0x08002374   0x000000ec   Code   RO         1772    i.I2C_MasterRequestRead  stm32f1xx_hal_i2c.o
    0x08002460   0x08002460   0x00000082   Code   RO         1774    i.I2C_MasterTransmit_BTF  stm32f1xx_hal_i2c.o
    0x080024e2   0x080024e2   0x00000002   PAD
    0x080024e4   0x080024e4   0x000000b6   Code   RO         1775    i.I2C_MasterTransmit_TXE  stm32f1xx_hal_i2c.o
    0x0800259a   0x0800259a   0x00000002   PAD
    0x0800259c   0x0800259c   0x00000158   Code   RO         1776    i.I2C_Master_ADDR   stm32f1xx_hal_i2c.o
    0x080026f4   0x080026f4   0x0000008c   Code   RO         1777    i.I2C_Master_SB     stm32f1xx_hal_i2c.o
    0x08002780   0x08002780   0x000000a0   Code   RO         1778    i.I2C_MemoryTransmit_TXE_BTF  stm32f1xx_hal_i2c.o
    0x08002820   0x08002820   0x000000fc   Code   RO         1779    i.I2C_RequestMemoryRead  stm32f1xx_hal_i2c.o
    0x0800291c   0x0800291c   0x00000046   Code   RO         1781    i.I2C_Slave_ADDR    stm32f1xx_hal_i2c.o
    0x08002962   0x08002962   0x00000002   PAD
    0x08002964   0x08002964   0x00000084   Code   RO         1782    i.I2C_Slave_AF      stm32f1xx_hal_i2c.o
    0x080029e8   0x080029e8   0x0000015c   Code   RO         1783    i.I2C_Slave_STOPF   stm32f1xx_hal_i2c.o
    0x08002b44   0x08002b44   0x00000068   Code   RO         1785    i.I2C_WaitOnFlagUntilTimeout  stm32f1xx_hal_i2c.o
    0x08002bac   0x08002bac   0x00000096   Code   RO         1786    i.I2C_WaitOnMasterAddressFlagUntilTimeout  stm32f1xx_hal_i2c.o
    0x08002c42   0x08002c42   0x00000066   Code   RO         1787    i.I2C_WaitOnRXNEFlagUntilTimeout  stm32f1xx_hal_i2c.o
    0x08002ca8   0x08002ca8   0x0000004c   Code   RO         1788    i.I2C_WaitOnTXEFlagUntilTimeout  stm32f1xx_hal_i2c.o
    0x08002cf4   0x08002cf4   0x00000044   Code   RO          187    i.MX_CAN_Init       can.o
    0x08002d38   0x08002d38   0x000000ac   Code   RO          161    i.MX_GPIO_Init      gpio.o
    0x08002de4   0x08002de4   0x00000040   Code   RO          229    i.MX_I2C1_Init      i2c.o
    0x08002e24   0x08002e24   0x00000040   Code   RO          230    i.MX_I2C2_Init      i2c.o
    0x08002e64   0x08002e64   0x00000064   Code   RO          278    i.MX_TIM2_Init      tim.o
    0x08002ec8   0x08002ec8   0x000000a8   Code   RO          279    i.MX_TIM3_Init      tim.o
    0x08002f70   0x08002f70   0x00000002   Code   RO          337    i.MemManage_Handler  stm32f1xx_it.o
    0x08002f72   0x08002f72   0x00000002   Code   RO          338    i.NMI_Handler       stm32f1xx_it.o
    0x08002f74   0x08002f74   0x00000002   Code   RO          339    i.PendSV_Handler    stm32f1xx_it.o
    0x08002f76   0x08002f76   0x00000002   Code   RO          340    i.SVC_Handler       stm32f1xx_it.o
    0x08002f78   0x08002f78   0x00000004   Code   RO          341    i.SysTick_Handler   stm32f1xx_it.o
    0x08002f7c   0x08002f7c   0x0000005e   Code   RO           14    i.SystemClock_Config  main.o
    0x08002fda   0x08002fda   0x00000002   Code   RO         3122    i.SystemInit        system_stm32f1xx.o
    0x08002fdc   0x08002fdc   0x0000000c   Code   RO          342    i.TIM2_IRQHandler   stm32f1xx_it.o
    0x08002fe8   0x08002fe8   0x0000000c   Code   RO          343    i.TIM3_IRQHandler   stm32f1xx_it.o
    0x08002ff4   0x08002ff4   0x0000006c   Code   RO         2243    i.TIM_Base_SetConfig  stm32f1xx_hal_tim.o
    0x08003060   0x08003060   0x0000001a   Code   RO         2244    i.TIM_CCxChannelCmd  stm32f1xx_hal_tim.o
    0x0800307a   0x0800307a   0x00000014   Code   RO         2254    i.TIM_ETR_SetConfig  stm32f1xx_hal_tim.o
    0x0800308e   0x0800308e   0x00000010   Code   RO         2255    i.TIM_ITRx_SetConfig  stm32f1xx_hal_tim.o
    0x0800309e   0x0800309e   0x00000002   PAD
    0x080030a0   0x080030a0   0x00000050   Code   RO         2256    i.TIM_OC1_SetConfig  stm32f1xx_hal_tim.o
    0x080030f0   0x080030f0   0x00000058   Code   RO         2257    i.TIM_OC2_SetConfig  stm32f1xx_hal_tim.o
    0x08003148   0x08003148   0x00000058   Code   RO         2258    i.TIM_OC3_SetConfig  stm32f1xx_hal_tim.o
    0x080031a0   0x080031a0   0x00000044   Code   RO         2259    i.TIM_OC4_SetConfig  stm32f1xx_hal_tim.o
    0x080031e4   0x080031e4   0x00000022   Code   RO         2261    i.TIM_TI1_ConfigInputStage  stm32f1xx_hal_tim.o
    0x08003206   0x08003206   0x00000024   Code   RO         2263    i.TIM_TI2_ConfigInputStage  stm32f1xx_hal_tim.o
    0x0800322a   0x0800322a   0x00000002   Code   RO          344    i.UsageFault_Handler  stm32f1xx_it.o
    0x0800322c   0x0800322c   0x00000020   Code   RO         1229    i.__NVIC_SetPriority  stm32f1xx_hal_cortex.o
    0x0800324c   0x0800324c   0x00000084   Code   RO           15    i.main              main.o
    0x080032d0   0x080032d0   0x00000026   Code   RO         3166    x$fpl$dfltu         fz_ws.l(dflt_clz.o)
    0x080032f6   0x080032f6   0x00000000   Code   RO         3173    x$fpl$usenofp       fz_ws.l(usenofp.o)
    0x080032f6   0x080032f6   0x00000010   Data   RO         3123    .constdata          system_stm32f1xx.o
    0x08003306   0x08003306   0x00000008   Data   RO         3124    .constdata          system_stm32f1xx.o
    0x0800330e   0x0800330e   0x00000002   PAD
    0x08003310   0x08003310   0x00000020   Data   RO         3328    Region$$Table       anon$$obj.o


    Execution Region RW_IRAM1 (Exec base: 0x20000000, Load base: 0x08003330, Size: 0x00000800, Max: 0x00005000, ABSOLUTE)

    Exec Addr    Load Addr    Size         Type   Attr      Idx    E Section Name        Object

    0x20000000   0x08003330   0x0000000c   Data   RW          766    .data               stm32f1xx_hal.o
    0x2000000c   0x0800333c   0x00000004   Data   RW         3125    .data               system_stm32f1xx.o
    0x20000010        -       0x00000030   Zero   RW           16    .bss                main.o
    0x20000040        -       0x00000028   Zero   RW          188    .bss                can.o
    0x20000068        -       0x000000a8   Zero   RW          231    .bss                i2c.o
    0x20000110        -       0x00000090   Zero   RW          280    .bss                tim.o
    0x200001a0        -       0x00000060   Zero   RW         3200    .bss                c_w.l(libspace.o)
    0x20000200        -       0x00000200   Zero   RW            2    HEAP                startup_stm32f103xb.o
    0x20000400        -       0x00000400   Zero   RW            1    STACK               startup_stm32f103xb.o


==============================================================================

Image component sizes


      Code (inc. data)   RO Data    RW Data    ZI Data      Debug   Object Name

       216         26          0          0         40       1631   can.o
       172         14          0          0          0        915   gpio.o
       340         44          0          0        168       2226   i2c.o
       230         10          0          0         48     437321   main.o
        64         26        236          0       1536        792   startup_stm32f103xb.o
       164         28          0         12          0       5781   stm32f1xx_hal.o
       816          0          0          0          0       9379   stm32f1xx_hal_can.o
       198         14          0          0          0      28851   stm32f1xx_hal_cortex.o
       158          4          0          0          0       1614   stm32f1xx_hal_dma.o
       490         34          0          0          0       2844   stm32f1xx_hal_gpio.o
      5786        100          0          0          0      30733   stm32f1xx_hal_i2c.o
        60          8          0          0          0        842   stm32f1xx_hal_msp.o
      1240         88          0          0          0       4553   stm32f1xx_hal_rcc.o
      1762         60          0          0          0      15991   stm32f1xx_hal_tim.o
       108         12          0          0          0       2309   stm32f1xx_hal_tim_ex.o
       104         42          0          0          0       6668   stm32f1xx_it.o
         2          0         24          4          0       1071   system_stm32f1xx.o
       480         46          0          0        144       2985   tim.o

    ----------------------------------------------------------------------
     12418        556        294         16       1936     556506   Object Totals
         0          0         32          0          0          0   (incl. Generated)
        28          0          2          0          0          0   (incl. Padding)

    ----------------------------------------------------------------------

      Code (inc. data)   RO Data    RW Data    ZI Data      Debug   Library Member Name

         8          0          0          0          0         68   __main.o
         0          0          0          0          0          0   __rtentry.o
        12          0          0          0          0          0   __rtentry2.o
         6          0          0          0          0          0   __rtentry4.o
        52          8          0          0          0          0   __scatter.o
        26          0          0          0          0          0   __scatter_copy.o
        28          0          0          0          0          0   __scatter_zi.o
        18          0          0          0          0         80   exit.o
         6          0          0          0          0        152   heapauxi.o
         0          0          0          0          0          0   indicate_semi.o
         2          0          0          0          0          0   libinit.o
         2          0          0          0          0          0   libinit2.o
         2          0          0          0          0          0   libshutdown.o
         2          0          0          0          0          0   libshutdown2.o
         8          4          0          0         96         68   libspace.o
        78          0          0          0          0         80   rt_memclr_w.o
         2          0          0          0          0          0   rtexit.o
        10          0          0          0          0          0   rtexit2.o
        12          4          0          0          0         68   sys_exit.o
        74          0          0          0          0         80   sys_stackheap_outer.o
         2          0          0          0          0         68   use_no_semi.o
        38          0          0          0          0         68   dflt_clz.o
         0          0          0          0          0          0   usenofp.o

    ----------------------------------------------------------------------
       392         16          0          0         96        732   Library Totals
         4          0          0          0          0          0   (incl. Padding)

    ----------------------------------------------------------------------

      Code (inc. data)   RO Data    RW Data    ZI Data      Debug   Library Name

       350         16          0          0         96        664   c_w.l
        38          0          0          0          0         68   fz_ws.l

    ----------------------------------------------------------------------
       392         16          0          0         96        732   Library Totals

    ----------------------------------------------------------------------

==============================================================================


      Code (inc. data)   RO Data    RW Data    ZI Data      Debug   

     12810        572        294         16       2032     550838   Grand Totals
     12810        572        294         16       2032     550838   ELF Image Totals
     12810        572        294         16          0          0   ROM Totals

==============================================================================

    Total RO  Size (Code + RO Data)                13104 (  12.80kB)
    Total RW  Size (RW Data + ZI Data)              2048 (   2.00kB)
    Total ROM Size (Code + RO Data + RW Data)      13120 (  12.81kB)

==============================================================================

